0 verbose cli C:\Program Files\nodejs\node.exe C:\Program Files\nodejs\node_modules\npm\bin\npm-cli.js
1 info using npm@11.17.0
2 info using node@v24.19.0
3 silly config load:file:C:\Program Files\nodejs\node_modules\npm\npmrc
4 silly config load:file:E:\dev data\Portfolio\Portfolio_v3.1_FullStack_AI\.npmrc
5 silly config load:file:C:\Users\aurora\.npmrc
6 silly config load:file:C:\Users\aurora\AppData\Roaming\npm\etc\npmrc
7 verbose title npm install
8 verbose argv "install" "--cache" ".npm-cache" "--ignore-scripts" "--no-audit" "--no-fund"
9 verbose logfile logs-max:10 dir:E:\dev data\Portfolio\Portfolio_v3.1_FullStack_AI\.npm-cache\_logs\2026-09-05T18_28_55_972Z-
10 verbose logfile E:\dev data\Portfolio\Portfolio_v3.1_FullStack_AI\.npm-cache\_logs\2026-09-05T18_28_55_972Z-debug-0.log
11 silly logfile done cleaning log files
12 silly packumentCache heap:4496293888 maxSize:1124073472 maxEntrySize:562036736
13 silly idealTree buildDeps
14 silly fetch manifest react@^19.1.0
15 silly packumentCache full:https://registry.npmjs.org/react cache-miss
16 http cache https://registry.npmjs.org/react 19ms (cache hit)
17 silly packumentCache full:https://registry.npmjs.org/react set size:6951203 disposed:false
18 silly fetch manifest react-dom@^19.1.0
19 silly packumentCache full:https://registry.npmjs.org/react-dom cache-miss
20 http cache https://registry.npmjs.org/react-dom 16ms (cache hit)
21 silly packumentCache full:https://registry.npmjs.org/react-dom set size:9352158 disposed:false
22 silly fetch manifest swiper@^11.2.0
23 silly packumentCache full:https://registry.npmjs.org/swiper cache-miss
24 http cache https://registry.npmjs.org/swiper 7ms (cache hit)
25 silly packumentCache full:https://registry.npmjs.org/swiper set size:2105074 disposed:false
26 silly fetch manifest vite@^6.3.0
27 silly packumentCache full:https://registry.npmjs.org/vite cache-miss
28 http cache https://registry.npmjs.org/vite 66ms (cache hit)
29 silly packumentCache full:https://registry.npmjs.org/vite set size:38933730 disposed:false
30 silly fetch manifest @types/node@^18.0.0 || ^20.0.0 || >=22.0.0
31 silly packumentCache full:https://registry.npmjs.org/@types%2fnode cache-miss
32 http cache https://registry.npmjs.org/@types%2fnode 35ms (cache hit)
33 silly packumentCache full:https://registry.npmjs.org/@types%2fnode set size:11100097 disposed:false
34 silly fetch manifest jiti@>=1.21.0
35 silly packumentCache full:https://registry.npmjs.org/jiti cache-miss
36 http cache https://registry.npmjs.org/jiti 4ms (cache hit)
37 silly packumentCache full:https://registry.npmjs.org/jiti set size:387989 disposed:false
38 silly fetch manifest less@*
39 silly packumentCache full:https://registry.npmjs.org/less cache-miss
40 http cache https://registry.npmjs.org/less 3ms (cache hit)
41 silly packumentCache full:https://registry.npmjs.org/less set size:522100 disposed:false
42 silly fetch manifest lightningcss@^1.21.0
43 silly packumentCache full:https://registry.npmjs.org/lightningcss cache-miss
44 http cache https://registry.npmjs.org/lightningcss 2ms (cache hit)
45 silly packumentCache full:https://registry.npmjs.org/lightningcss set size:191065 disposed:false
46 silly fetch manifest sass@*
47 silly packumentCache full:https://registry.npmjs.org/sass cache-miss
48 http cache https://registry.npmjs.org/sass 3ms (cache hit)
49 silly packumentCache full:https://registry.npmjs.org/sass set size:750020 disposed:false
50 silly fetch manifest sass-embedded@*
51 silly packumentCache full:https://registry.npmjs.org/sass-embedded cache-miss
52 http cache https://registry.npmjs.org/sass-embedded 3ms (cache hit)
53 silly packumentCache full:https://registry.npmjs.org/sass-embedded set size:432743 disposed:false
54 silly fetch manifest stylus@*
55 silly packumentCache full:https://registry.npmjs.org/stylus cache-miss
56 http cache https://registry.npmjs.org/stylus 3ms (cache hit)
57 silly packumentCache full:https://registry.npmjs.org/stylus set size:286766 disposed:false
58 silly fetch manifest sugarss@*
59 silly packumentCache full:https://registry.npmjs.org/sugarss cache-miss
60 http cache https://registry.npmjs.org/sugarss 2ms (cache hit)
61 silly packumentCache full:https://registry.npmjs.org/sugarss set size:44975 disposed:false
62 silly fetch manifest postcss@^8.3.3
63 silly packumentCache full:https://registry.npmjs.org/postcss cache-miss
64 http cache https://registry.npmjs.org/postcss 4ms (cache hit)
65 silly packumentCache full:https://registry.npmjs.org/postcss set size:766699 disposed:false
66 silly fetch manifest terser@^5.16.0
67 silly packumentCache full:https://registry.npmjs.org/terser cache-miss
68 http cache https://registry.npmjs.org/terser 11ms (cache hit)
69 silly packumentCache full:https://registry.npmjs.org/terser set size:827672 disposed:false
70 silly fetch manifest tsx@^4.8.1
71 silly packumentCache full:https://registry.npmjs.org/tsx cache-miss
72 http cache https://registry.npmjs.org/tsx 4ms (cache hit)
73 silly packumentCache full:https://registry.npmjs.org/tsx set size:344351 disposed:false
74 silly fetch manifest yaml@^2.4.2
75 silly packumentCache full:https://registry.npmjs.org/yaml cache-miss
76 http cache https://registry.npmjs.org/yaml 3ms (cache hit)
77 silly packumentCache full:https://registry.npmjs.org/yaml set size:385754 disposed:false
78 silly fetch manifest @playwright/test@^1.51.0
79 silly packumentCache full:https://registry.npmjs.org/@playwright%2ftest cache-miss
80 http cache https://registry.npmjs.org/@playwright%2ftest 16ms (cache hit)
81 silly packumentCache full:https://registry.npmjs.org/@playwright%2ftest set size:9501718 disposed:false
82 silly placeDep ROOT @playwright/test@1.63.0 OK for: geniusee-react-portfolio@1.0.0 want: ^1.51.0
83 silly placeDep ROOT react@19.2.8 OK for: geniusee-react-portfolio@1.0.0 want: ^19.1.0
84 silly placeDep ROOT react-dom@19.2.8 OK for: geniusee-react-portfolio@1.0.0 want: ^19.1.0
85 silly placeDep ROOT swiper@11.2.10 OK for: geniusee-react-portfolio@1.0.0 want: ^11.2.0
86 silly placeDep ROOT vite@6.4.3 OK for: geniusee-react-portfolio@1.0.0 want: ^6.3.0
87 silly fetch manifest playwright@1.63.0
88 silly packumentCache full:https://registry.npmjs.org/playwright cache-miss
89 silly fetch manifest scheduler@^0.27.0
90 silly packumentCache full:https://registry.npmjs.org/scheduler cache-miss
91 silly fetch manifest fdir@^6.4.4
92 silly packumentCache full:https://registry.npmjs.org/fdir cache-miss
93 silly fetch manifest rollup@^4.34.9
94 silly packumentCache full:https://registry.npmjs.org/rollup cache-miss
95 silly fetch manifest esbuild@^0.25.0
96 silly packumentCache full:https://registry.npmjs.org/esbuild cache-miss
97 silly fetch manifest postcss@^8.5.3
98 silly packumentCache full:https://registry.npmjs.org/postcss cache-hit
99 silly fetch manifest picomatch@^4.0.2
100 silly packumentCache full:https://registry.npmjs.org/picomatch cache-miss
101 silly fetch manifest tinyglobby@^0.2.13
102 silly packumentCache full:https://registry.npmjs.org/tinyglobby cache-miss
103 http cache https://registry.npmjs.org/fdir 7ms (cache hit)
104 silly packumentCache full:https://registry.npmjs.org/fdir set size:136182 disposed:false
105 silly fetch manifest fsevents@~2.3.3
106 silly packumentCache full:https://registry.npmjs.org/fsevents cache-miss
107 http cache https://registry.npmjs.org/rollup 19ms (cache hit)
108 silly packumentCache full:https://registry.npmjs.org/rollup set size:6315915 disposed:false
109 http cache https://registry.npmjs.org/playwright 72ms (cache hit)
110 silly packumentCache full:https://registry.npmjs.org/playwright set size:16721956 disposed:false
111 http cache https://registry.npmjs.org/scheduler 134ms (cache hit)
112 silly packumentCache full:https://registry.npmjs.org/scheduler set size:5738843 disposed:false
113 http cache https://registry.npmjs.org/tinyglobby 154ms (cache hit)
114 silly packumentCache full:https://registry.npmjs.org/tinyglobby set size:54291 disposed:false
115 http cache https://registry.npmjs.org/picomatch 155ms (cache hit)
116 silly packumentCache full:https://registry.npmjs.org/picomatch set size:134451 disposed:false
117 http cache https://registry.npmjs.org/esbuild 158ms (cache hit)
118 silly packumentCache full:https://registry.npmjs.org/esbuild set size:1264676 disposed:false
119 http cache https://registry.npmjs.org/fsevents 156ms (cache hit)
120 silly packumentCache full:https://registry.npmjs.org/fsevents set size:182472 disposed:false
121 silly placeDep ROOT playwright@1.63.0 OK for: @playwright/test@1.63.0 want: 1.63.0
122 silly fetch manifest playwright-core@1.63.0
123 silly packumentCache full:https://registry.npmjs.org/playwright-core cache-miss
124 http cache https://registry.npmjs.org/playwright-core 29ms (cache hit)
125 silly packumentCache full:https://registry.npmjs.org/playwright-core set size:18411963 disposed:false
126 silly placeDep ROOT playwright-core@1.63.0 OK for: playwright@1.63.0 want: 1.63.0
127 silly placeDep ROOT scheduler@0.27.0 OK for: react-dom@19.2.8 want: ^0.27.0
128 silly placeDep ROOT esbuild@0.25.12 OK for: vite@6.4.3 want: ^0.25.0
129 silly placeDep ROOT fdir@6.5.0 OK for: vite@6.4.3 want: ^6.4.4
130 silly placeDep ROOT fsevents@2.3.3 OK for: vite@6.4.3 want: ~2.3.3
131 silly placeDep ROOT picomatch@4.0.7 OK for: vite@6.4.3 want: ^4.0.2
132 silly placeDep ROOT postcss@8.5.28 OK for: vite@6.4.3 want: ^8.5.3
133 silly placeDep ROOT rollup@4.63.1 OK for: vite@6.4.3 want: ^4.34.9
134 silly placeDep ROOT tinyglobby@0.2.17 OK for: vite@6.4.3 want: ^0.2.13
135 silly fetch manifest @esbuild/aix-ppc64@0.25.12
136 silly packumentCache full:https://registry.npmjs.org/@esbuild%2faix-ppc64 cache-miss
137 silly fetch manifest @esbuild/linux-arm@0.25.12
138 silly packumentCache full:https://registry.npmjs.org/@esbuild%2flinux-arm cache-miss
139 silly fetch manifest @esbuild/linux-x64@0.25.12
140 silly packumentCache full:https://registry.npmjs.org/@esbuild%2flinux-x64 cache-miss
141 silly fetch manifest @esbuild/sunos-x64@0.25.12
142 silly packumentCache full:https://registry.npmjs.org/@esbuild%2fsunos-x64 cache-miss
143 silly fetch manifest @esbuild/win32-x64@0.25.12
144 silly packumentCache full:https://registry.npmjs.org/@esbuild%2fwin32-x64 cache-miss
145 silly fetch manifest @esbuild/darwin-x64@0.25.12
146 silly packumentCache full:https://registry.npmjs.org/@esbuild%2fdarwin-x64 cache-miss
147 silly fetch manifest @esbuild/linux-ia32@0.25.12
148 silly packumentCache full:https://registry.npmjs.org/@esbuild%2flinux-ia32 cache-miss
149 http cache https://registry.npmjs.org/@esbuild%2fsunos-x64 9ms (cache hit)
150 silly packumentCache full:https://registry.npmjs.org/@esbuild%2fsunos-x64 set size:199187 disposed:false
151 silly fetch manifest @esbuild/netbsd-x64@0.25.12
152 silly packumentCache full:https://registry.npmjs.org/@esbuild%2fnetbsd-x64 cache-miss
153 http cache https://registry.npmjs.org/@esbuild%2flinux-x64 12ms (cache hit)
154 silly packumentCache full:https://registry.npmjs.org/@esbuild%2flinux-x64 set size:198942 disposed:false
155 silly fetch manifest @esbuild/win32-ia32@0.25.12
156 silly packumentCache full:https://registry.npmjs.org/@esbuild%2fwin32-ia32 cache-miss
157 http cache https://registry.npmjs.org/@esbuild%2flinux-arm 14ms (cache hit)
158 silly packumentCache full:https://registry.npmjs.org/@esbuild%2flinux-arm set size:198596 disposed:false
159 silly fetch manifest @esbuild/android-arm@0.25.12
160 silly packumentCache full:https://registry.npmjs.org/@esbuild%2fandroid-arm cache-miss
161 http cache https://registry.npmjs.org/@esbuild%2faix-ppc64 17ms (cache hit)
162 silly packumentCache full:https://registry.npmjs.org/@esbuild%2faix-ppc64 set size:67797 disposed:false
163 silly fetch manifest @esbuild/android-x64@0.25.12
164 silly packumentCache full:https://registry.npmjs.org/@esbuild%2fandroid-x64 cache-miss
165 http cache https://registry.npmjs.org/@esbuild%2flinux-ia32 17ms (cache hit)
166 silly packumentCache full:https://registry.npmjs.org/@esbuild%2flinux-ia32 set size:199625 disposed:false
167 silly fetch manifest @esbuild/freebsd-x64@0.25.12
168 silly packumentCache full:https://registry.npmjs.org/@esbuild%2ffreebsd-x64 cache-miss
169 http cache https://registry.npmjs.org/@esbuild%2fwin32-x64 19ms (cache hit)
170 silly packumentCache full:https://registry.npmjs.org/@esbuild%2fwin32-x64 set size:197540 disposed:false
171 silly fetch manifest @esbuild/linux-arm64@0.25.12
172 silly packumentCache full:https://registry.npmjs.org/@esbuild%2flinux-arm64 cache-miss
173 http cache https://registry.npmjs.org/@esbuild%2fdarwin-x64 22ms (cache hit)
174 silly packumentCache full:https://registry.npmjs.org/@esbuild%2fdarwin-x64 set size:199670 disposed:false
175 silly fetch manifest @esbuild/linux-ppc64@0.25.12
176 silly packumentCache full:https://registry.npmjs.org/@esbuild%2flinux-ppc64 cache-miss
177 http cache https://registry.npmjs.org/@esbuild%2fwin32-ia32 18ms (cache hit)
178 silly packumentCache full:https://registry.npmjs.org/@esbuild%2fwin32-ia32 set size:199854 disposed:false
179 silly fetch manifest @esbuild/linux-s390x@0.25.12
180 silly packumentCache full:https://registry.npmjs.org/@esbuild%2flinux-s390x cache-miss
181 http cache https://registry.npmjs.org/@esbuild%2fnetbsd-x64 22ms (cache hit)
182 silly packumentCache full:https://registry.npmjs.org/@esbuild%2fnetbsd-x64 set size:197314 disposed:false
183 silly fetch manifest @esbuild/openbsd-x64@0.25.12
184 silly packumentCache full:https://registry.npmjs.org/@esbuild%2fopenbsd-x64 cache-miss
185 http cache https://registry.npmjs.org/@esbuild%2fandroid-arm 19ms (cache hit)
186 silly packumentCache full:https://registry.npmjs.org/@esbuild%2fandroid-arm set size:225217 disposed:false
187 silly fetch manifest @esbuild/win32-arm64@0.25.12
188 silly packumentCache full:https://registry.npmjs.org/@esbuild%2fwin32-arm64 cache-miss
189 http cache https://registry.npmjs.org/@esbuild%2flinux-arm64 15ms (cache hit)
190 silly packumentCache full:https://registry.npmjs.org/@esbuild%2flinux-arm64 set size:200773 disposed:false
191 silly fetch manifest @esbuild/darwin-arm64@0.25.12
192 silly packumentCache full:https://registry.npmjs.org/@esbuild%2fdarwin-arm64 cache-miss
193 http cache https://registry.npmjs.org/@esbuild%2fandroid-x64 22ms (cache hit)
194 silly packumentCache full:https://registry.npmjs.org/@esbuild%2fandroid-x64 set size:199017 disposed:false
195 silly fetch manifest @esbuild/netbsd-arm64@0.25.12
196 silly packumentCache full:https://registry.npmjs.org/@esbuild%2fnetbsd-arm64 cache-miss
197 http cache https://registry.npmjs.org/@esbuild%2ffreebsd-x64 22ms (cache hit)
198 silly packumentCache full:https://registry.npmjs.org/@esbuild%2ffreebsd-x64 set size:200565 disposed:false
199 silly fetch manifest @esbuild/android-arm64@0.25.12
200 silly packumentCache full:https://registry.npmjs.org/@esbuild%2fandroid-arm64 cache-miss
201 http cache https://registry.npmjs.org/@esbuild%2flinux-ppc64 18ms (cache hit)
202 silly packumentCache full:https://registry.npmjs.org/@esbuild%2flinux-ppc64 set size:202845 disposed:false
203 silly fetch manifest @esbuild/freebsd-arm64@0.25.12
204 silly packumentCache full:https://registry.npmjs.org/@esbuild%2ffreebsd-arm64 cache-miss
205 http cache https://registry.npmjs.org/@esbuild%2fdarwin-arm64 10ms (cache hit)
206 silly packumentCache full:https://registry.npmjs.org/@esbuild%2fdarwin-arm64 set size:201471 disposed:false
207 silly fetch manifest @esbuild/linux-loong64@0.25.12
208 silly packumentCache full:https://registry.npmjs.org/@esbuild%2flinux-loong64 cache-miss
209 http cache https://registry.npmjs.org/@esbuild%2fopenbsd-x64 15ms (cache hit)
210 silly packumentCache full:https://registry.npmjs.org/@esbuild%2fopenbsd-x64 set size:200576 disposed:false
211 silly fetch manifest @esbuild/linux-riscv64@0.25.12
212 silly packumentCache full:https://registry.npmjs.org/@esbuild%2flinux-riscv64 cache-miss
213 http cache https://registry.npmjs.org/@esbuild%2flinux-s390x 19ms (cache hit)
214 silly packumentCache full:https://registry.npmjs.org/@esbuild%2flinux-s390x set size:202310 disposed:false
215 silly fetch manifest @esbuild/openbsd-arm64@0.25.12
216 silly packumentCache full:https://registry.npmjs.org/@esbuild%2fopenbsd-arm64 cache-miss
217 http cache https://registry.npmjs.org/@esbuild%2fwin32-arm64 17ms (cache hit)
218 silly packumentCache full:https://registry.npmjs.org/@esbuild%2fwin32-arm64 set size:201005 disposed:false
219 silly fetch manifest @esbuild/linux-mips64el@0.25.12
220 silly packumentCache full:https://registry.npmjs.org/@esbuild%2flinux-mips64el cache-miss
221 http cache https://registry.npmjs.org/@esbuild%2fnetbsd-arm64 13ms (cache hit)
222 silly packumentCache full:https://registry.npmjs.org/@esbuild%2fnetbsd-arm64 set size:44308 disposed:false
223 silly fetch manifest @esbuild/openharmony-arm64@0.25.12
224 silly packumentCache full:https://registry.npmjs.org/@esbuild%2fopenharmony-arm64 cache-miss
225 http cache https://registry.npmjs.org/@esbuild%2fandroid-arm64 13ms (cache hit)
226 silly packumentCache full:https://registry.npmjs.org/@esbuild%2fandroid-arm64 set size:204216 disposed:false
227 silly fetch manifest nanoid@^3.3.18
228 silly packumentCache full:https://registry.npmjs.org/nanoid cache-miss
229 http cache https://registry.npmjs.org/@esbuild%2ffreebsd-arm64 14ms (cache hit)
230 silly packumentCache full:https://registry.npmjs.org/@esbuild%2ffreebsd-arm64 set size:202383 disposed:false
231 silly fetch manifest picocolors@^1.1.1
232 silly packumentCache full:https://registry.npmjs.org/picocolors cache-miss
233 http cache https://registry.npmjs.org/@esbuild%2fopenbsd-arm64 9ms (cache hit)
234 silly packumentCache full:https://registry.npmjs.org/@esbuild%2fopenbsd-arm64 set size:49642 disposed:false
235 silly fetch manifest source-map-js@^1.2.1
236 silly packumentCache full:https://registry.npmjs.org/source-map-js cache-miss
237 http cache https://registry.npmjs.org/@esbuild%2flinux-loong64 13ms (cache hit)
238 silly packumentCache full:https://registry.npmjs.org/@esbuild%2flinux-loong64 set size:255749 disposed:false
239 silly fetch manifest @types/estree@1.0.9
240 silly packumentCache full:https://registry.npmjs.org/@types%2festree cache-miss
241 http cache https://registry.npmjs.org/@esbuild%2flinux-riscv64 14ms (cache hit)
242 silly packumentCache full:https://registry.npmjs.org/@esbuild%2flinux-riscv64 set size:202512 disposed:false
243 silly fetch manifest @rollup/rollup-darwin-x64@4.63.1
244 silly packumentCache full:https://registry.npmjs.org/@rollup%2frollup-darwin-x64 cache-miss
245 http cache https://registry.npmjs.org/@esbuild%2fopenharmony-arm64 12ms (cache hit)
246 silly packumentCache full:https://registry.npmjs.org/@esbuild%2fopenharmony-arm64 set size:33054 disposed:false
247 silly fetch manifest @rollup/rollup-freebsd-x64@4.63.1
248 silly packumentCache full:https://registry.npmjs.org/@rollup%2frollup-freebsd-x64 cache-miss
249 http cache https://registry.npmjs.org/@esbuild%2flinux-mips64el 14ms (cache hit)
250 silly packumentCache full:https://registry.npmjs.org/@esbuild%2flinux-mips64el set size:204633 disposed:false
251 silly fetch manifest @rollup/rollup-openbsd-x64@4.63.1
252 silly packumentCache full:https://registry.npmjs.org/@rollup%2frollup-openbsd-x64 cache-miss
253 http cache https://registry.npmjs.org/nanoid 13ms (cache hit)
254 silly packumentCache full:https://registry.npmjs.org/nanoid set size:342705 disposed:false
255 silly fetch manifest @napi-rs/lzma-linux-x64-gnu@1.5.1
256 silly packumentCache full:https://registry.npmjs.org/@napi-rs%2flzma-linux-x64-gnu cache-miss
257 http cache https://registry.npmjs.org/picocolors 15ms (cache hit)
258 silly packumentCache full:https://registry.npmjs.org/picocolors set size:16648 disposed:false
259 silly fetch manifest @rollup/rollup-darwin-arm64@4.63.1
260 silly packumentCache full:https://registry.npmjs.org/@rollup%2frollup-darwin-arm64 cache-miss
261 http cache https://registry.npmjs.org/@types%2festree 12ms (cache hit)
262 silly packumentCache full:https://registry.npmjs.org/@types%2festree set size:76072 disposed:false
263 silly fetch manifest @rollup/rollup-android-arm64@4.63.1
264 silly packumentCache full:https://registry.npmjs.org/@rollup%2frollup-android-arm64 cache-miss
265 http cache https://registry.npmjs.org/source-map-js 16ms (cache hit)
266 silly packumentCache full:https://registry.npmjs.org/source-map-js set size:62640 disposed:false
267 silly fetch manifest @rollup/rollup-freebsd-arm64@4.63.1
268 silly packumentCache full:https://registry.npmjs.org/@rollup%2frollup-freebsd-arm64 cache-miss
269 http cache https://registry.npmjs.org/@rollup%2frollup-openbsd-x64 11ms (cache hit)
270 silly packumentCache full:https://registry.npmjs.org/@rollup%2frollup-openbsd-x64 set size:49602 disposed:false
271 silly fetch manifest @rollup/rollup-linux-x64-gnu@4.63.1
272 silly packumentCache full:https://registry.npmjs.org/@rollup%2frollup-linux-x64-gnu cache-miss
273 http cache https://registry.npmjs.org/@napi-rs%2flzma-linux-x64-gnu 9ms (cache hit)
274 silly packumentCache full:https://registry.npmjs.org/@napi-rs%2flzma-linux-x64-gnu set size:31508 disposed:false
275 silly fetch manifest @rollup/rollup-win32-x64-gnu@4.63.1
276 silly packumentCache full:https://registry.npmjs.org/@rollup%2frollup-win32-x64-gnu cache-miss
277 http cache https://registry.npmjs.org/@rollup%2frollup-darwin-x64 16ms (cache hit)
278 silly packumentCache full:https://registry.npmjs.org/@rollup%2frollup-darwin-x64 set size:352180 disposed:false
279 silly fetch manifest @rollup/rollup-linux-x64-musl@4.63.1
280 silly packumentCache full:https://registry.npmjs.org/@rollup%2frollup-linux-x64-musl cache-miss
281 http cache https://registry.npmjs.org/@rollup%2frollup-freebsd-x64 16ms (cache hit)
282 silly packumentCache full:https://registry.npmjs.org/@rollup%2frollup-freebsd-x64 set size:204859 disposed:false
283 silly fetch manifest @rollup/rollup-win32-x64-msvc@4.63.1
284 silly packumentCache full:https://registry.npmjs.org/@rollup%2frollup-win32-x64-msvc cache-miss
285 http cache https://registry.npmjs.org/@rollup%2frollup-darwin-arm64 13ms (cache hit)
286 silly packumentCache full:https://registry.npmjs.org/@rollup%2frollup-darwin-arm64 set size:357142 disposed:false
287 silly fetch manifest @rollup/rollup-linux-arm64-gnu@4.63.1
288 silly packumentCache full:https://registry.npmjs.org/@rollup%2frollup-linux-arm64-gnu cache-miss
289 http cache https://registry.npmjs.org/@rollup%2frollup-linux-x64-gnu 12ms (cache hit)
290 silly packumentCache full:https://registry.npmjs.org/@rollup%2frollup-linux-x64-gnu set size:359634 disposed:false
291 silly fetch manifest @rollup/rollup-linux-ppc64-gnu@4.63.1
292 silly packumentCache full:https://registry.npmjs.org/@rollup%2frollup-linux-ppc64-gnu cache-miss
293 http cache https://registry.npmjs.org/@rollup%2frollup-freebsd-arm64 16ms (cache hit)
294 silly packumentCache full:https://registry.npmjs.org/@rollup%2frollup-freebsd-arm64 set size:206926 disposed:false
295 silly fetch manifest @rollup/rollup-linux-s390x-gnu@4.63.1
296 silly packumentCache full:https://registry.npmjs.org/@rollup%2frollup-linux-s390x-gnu cache-miss
297 http cache https://registry.npmjs.org/@rollup%2frollup-android-arm64 19ms (cache hit)
298 silly packumentCache full:https://registry.npmjs.org/@rollup%2frollup-android-arm64 set size:358720 disposed:false
299 silly fetch manifest @rollup/rollup-win32-ia32-msvc@4.63.1
300 silly packumentCache full:https://registry.npmjs.org/@rollup%2frollup-win32-ia32-msvc cache-miss
301 http cache https://registry.npmjs.org/@rollup%2frollup-win32-x64-gnu 17ms (cache hit)
302 silly packumentCache full:https://registry.npmjs.org/@rollup%2frollup-win32-x64-gnu set size:80328 disposed:false
303 silly fetch manifest @rollup/rollup-android-arm-eabi@4.63.1
304 silly packumentCache full:https://registry.npmjs.org/@rollup%2frollup-android-arm-eabi cache-miss
305 http cache https://registry.npmjs.org/@rollup%2frollup-linux-x64-musl 17ms (cache hit)
306 silly packumentCache full:https://registry.npmjs.org/@rollup%2frollup-linux-x64-musl set size:359041 disposed:false
307 silly fetch manifest @rollup/rollup-linux-arm64-musl@4.63.1
308 silly packumentCache full:https://registry.npmjs.org/@rollup%2frollup-linux-arm64-musl cache-miss
309 http cache https://registry.npmjs.org/@rollup%2frollup-win32-x64-msvc 18ms (cache hit)
310 silly packumentCache full:https://registry.npmjs.org/@rollup%2frollup-win32-x64-msvc set size:357307 disposed:false
311 silly fetch manifest @rollup/rollup-linux-ppc64-musl@4.63.1
312 silly packumentCache full:https://registry.npmjs.org/@rollup%2frollup-linux-ppc64-musl cache-miss
313 http cache https://registry.npmjs.org/@rollup%2frollup-linux-arm64-gnu 18ms (cache hit)
314 silly packumentCache full:https://registry.npmjs.org/@rollup%2frollup-linux-arm64-gnu set size:364652 disposed:false
315 silly fetch manifest @rollup/rollup-win32-arm64-msvc@4.63.1
316 silly packumentCache full:https://registry.npmjs.org/@rollup%2frollup-win32-arm64-msvc cache-miss
317 http cache https://registry.npmjs.org/@rollup%2frollup-linux-ppc64-gnu 17ms (cache hit)
318 silly packumentCache full:https://registry.npmjs.org/@rollup%2frollup-linux-ppc64-gnu set size:109337 disposed:false
319 silly fetch manifest @rollup/rollup-linux-loong64-gnu@4.63.1
320 silly packumentCache full:https://registry.npmjs.org/@rollup%2frollup-linux-loong64-gnu cache-miss
321 http cache https://registry.npmjs.org/@rollup%2frollup-win32-ia32-msvc 15ms (cache hit)
322 silly packumentCache full:https://registry.npmjs.org/@rollup%2frollup-win32-ia32-msvc set size:360742 disposed:false
323 silly fetch manifest @rollup/rollup-linux-riscv64-gnu@4.63.1
324 silly packumentCache full:https://registry.npmjs.org/@rollup%2frollup-linux-riscv64-gnu cache-miss
325 http cache https://registry.npmjs.org/@rollup%2frollup-android-arm-eabi 16ms (cache hit)
326 silly packumentCache full:https://registry.npmjs.org/@rollup%2frollup-android-arm-eabi set size:362315 disposed:false
327 silly fetch manifest @rollup/rollup-openharmony-arm64@4.63.1
328 silly packumentCache full:https://registry.npmjs.org/@rollup%2frollup-openharmony-arm64 cache-miss
329 http cache https://registry.npmjs.org/@rollup%2frollup-linux-s390x-gnu 24ms (cache hit)
330 silly packumentCache full:https://registry.npmjs.org/@rollup%2frollup-linux-s390x-gnu set size:264500 disposed:false
331 silly fetch manifest @rollup/rollup-linux-loong64-musl@4.63.1
332 silly packumentCache full:https://registry.npmjs.org/@rollup%2frollup-linux-loong64-musl cache-miss
333 http cache https://registry.npmjs.org/@rollup%2frollup-linux-ppc64-musl 18ms (cache hit)
334 silly packumentCache full:https://registry.npmjs.org/@rollup%2frollup-linux-ppc64-musl set size:50924 disposed:false
335 silly fetch manifest @rollup/rollup-linux-riscv64-musl@4.63.1
336 silly packumentCache full:https://registry.npmjs.org/@rollup%2frollup-linux-riscv64-musl cache-miss
337 http cache https://registry.npmjs.org/@rollup%2frollup-linux-arm64-musl 21ms (cache hit)
338 silly packumentCache full:https://registry.npmjs.org/@rollup%2frollup-linux-arm64-musl set size:320100 disposed:false
339 silly fetch manifest @rollup/rollup-linux-arm-gnueabihf@4.63.1
340 silly packumentCache full:https://registry.npmjs.org/@rollup%2frollup-linux-arm-gnueabihf cache-miss
341 http cache https://registry.npmjs.org/@rollup%2frollup-win32-arm64-msvc 19ms (cache hit)
342 silly packumentCache full:https://registry.npmjs.org/@rollup%2frollup-win32-arm64-msvc set size:362307 disposed:false
343 silly fetch manifest @rollup/rollup-linux-arm-musleabihf@4.63.1
344 silly packumentCache full:https://registry.npmjs.org/@rollup%2frollup-linux-arm-musleabihf cache-miss
345 http cache https://registry.npmjs.org/@rollup%2frollup-linux-riscv64-gnu 17ms (cache hit)
346 silly packumentCache full:https://registry.npmjs.org/@rollup%2frollup-linux-riscv64-gnu set size:290962 disposed:false
347 http cache https://registry.npmjs.org/@rollup%2frollup-linux-loong64-gnu 20ms (cache hit)
348 silly packumentCache full:https://registry.npmjs.org/@rollup%2frollup-linux-loong64-gnu set size:89277 disposed:false
349 http cache https://registry.npmjs.org/@rollup%2frollup-openharmony-arm64 15ms (cache hit)
350 silly packumentCache full:https://registry.npmjs.org/@rollup%2frollup-openharmony-arm64 set size:90021 disposed:false
351 http cache https://registry.npmjs.org/@rollup%2frollup-linux-loong64-musl 14ms (cache hit)
352 silly packumentCache full:https://registry.npmjs.org/@rollup%2frollup-linux-loong64-musl set size:51343 disposed:false
353 http cache https://registry.npmjs.org/@rollup%2frollup-linux-riscv64-musl 13ms (cache hit)
354 silly packumentCache full:https://registry.npmjs.org/@rollup%2frollup-linux-riscv64-musl set size:137007 disposed:false
355 http cache https://registry.npmjs.org/@rollup%2frollup-linux-arm-musleabihf 9ms (cache hit)
356 silly packumentCache full:https://registry.npmjs.org/@rollup%2frollup-linux-arm-musleabihf set size:262647 disposed:false
357 http cache https://registry.npmjs.org/@rollup%2frollup-linux-arm-gnueabihf 14ms (cache hit)
358 silly packumentCache full:https://registry.npmjs.org/@rollup%2frollup-linux-arm-gnueabihf set size:368410 disposed:false
359 silly placeDep ROOT @esbuild/aix-ppc64@0.25.12 OK for: esbuild@0.25.12 want: 0.25.12
360 silly placeDep ROOT @esbuild/android-arm@0.25.12 OK for: esbuild@0.25.12 want: 0.25.12
361 silly placeDep ROOT @esbuild/android-arm64@0.25.12 OK for: esbuild@0.25.12 want: 0.25.12
362 silly placeDep ROOT @esbuild/android-x64@0.25.12 OK for: esbuild@0.25.12 want: 0.25.12
363 silly placeDep ROOT @esbuild/darwin-arm64@0.25.12 OK for: esbuild@0.25.12 want: 0.25.12
364 silly placeDep ROOT @esbuild/darwin-x64@0.25.12 OK for: esbuild@0.25.12 want: 0.25.12
365 silly placeDep ROOT @esbuild/freebsd-arm64@0.25.12 OK for: esbuild@0.25.12 want: 0.25.12
366 silly placeDep ROOT @esbuild/freebsd-x64@0.25.12 OK for: esbuild@0.25.12 want: 0.25.12
367 silly placeDep ROOT @esbuild/linux-arm@0.25.12 OK for: esbuild@0.25.12 want: 0.25.12
368 silly placeDep ROOT @esbuild/linux-arm64@0.25.12 OK for: esbuild@0.25.12 want: 0.25.12
369 silly placeDep ROOT @esbuild/linux-ia32@0.25.12 OK for: esbuild@0.25.12 want: 0.25.12
370 silly placeDep ROOT @esbuild/linux-loong64@0.25.12 OK for: esbuild@0.25.12 want: 0.25.12
371 silly placeDep ROOT @esbuild/linux-mips64el@0.25.12 OK for: esbuild@0.25.12 want: 0.25.12
372 silly placeDep ROOT @esbuild/linux-ppc64@0.25.12 OK for: esbuild@0.25.12 want: 0.25.12
373 silly placeDep ROOT @esbuild/linux-riscv64@0.25.12 OK for: esbuild@0.25.12 want: 0.25.12
374 silly placeDep ROOT @esbuild/linux-s390x@0.25.12 OK for: esbuild@0.25.12 want: 0.25.12
375 silly placeDep ROOT @esbuild/linux-x64@0.25.12 OK for: esbuild@0.25.12 want: 0.25.12
376 silly placeDep ROOT @esbuild/netbsd-arm64@0.25.12 OK for: esbuild@0.25.12 want: 0.25.12
377 silly placeDep ROOT @esbuild/netbsd-x64@0.25.12 OK for: esbuild@0.25.12 want: 0.25.12
378 silly placeDep ROOT @esbuild/openbsd-arm64@0.25.12 OK for: esbuild@0.25.12 want: 0.25.12
379 silly placeDep ROOT @esbuild/openbsd-x64@0.25.12 OK for: esbuild@0.25.12 want: 0.25.12
380 silly placeDep ROOT @esbuild/openharmony-arm64@0.25.12 OK for: esbuild@0.25.12 want: 0.25.12
381 silly placeDep ROOT @esbuild/sunos-x64@0.25.12 OK for: esbuild@0.25.12 want: 0.25.12
382 silly placeDep ROOT @esbuild/win32-arm64@0.25.12 OK for: esbuild@0.25.12 want: 0.25.12
383 silly placeDep ROOT @esbuild/win32-ia32@0.25.12 OK for: esbuild@0.25.12 want: 0.25.12
384 silly placeDep ROOT @esbuild/win32-x64@0.25.12 OK for: esbuild@0.25.12 want: 0.25.12
385 silly placeDep ROOT nanoid@3.3.18 OK for: postcss@8.5.28 want: ^3.3.18
386 silly placeDep ROOT picocolors@1.1.1 OK for: postcss@8.5.28 want: ^1.1.1
387 silly placeDep ROOT source-map-js@1.2.1 OK for: postcss@8.5.28 want: ^1.2.1
388 silly placeDep ROOT @napi-rs/lzma-linux-x64-gnu@1.5.1 OK for: rollup@4.63.1 want: 1.5.1
389 silly placeDep ROOT @rollup/rollup-android-arm-eabi@4.63.1 OK for: rollup@4.63.1 want: 4.63.1
390 silly placeDep ROOT @rollup/rollup-android-arm64@4.63.1 OK for: rollup@4.63.1 want: 4.63.1
391 silly placeDep ROOT @rollup/rollup-darwin-arm64@4.63.1 OK for: rollup@4.63.1 want: 4.63.1
392 silly placeDep ROOT @rollup/rollup-darwin-x64@4.63.1 OK for: rollup@4.63.1 want: 4.63.1
393 silly placeDep ROOT @rollup/rollup-freebsd-arm64@4.63.1 OK for: rollup@4.63.1 want: 4.63.1
394 silly placeDep ROOT @rollup/rollup-freebsd-x64@4.63.1 OK for: rollup@4.63.1 want: 4.63.1
395 silly placeDep ROOT @rollup/rollup-linux-arm-gnueabihf@4.63.1 OK for: rollup@4.63.1 want: 4.63.1
396 silly placeDep ROOT @rollup/rollup-linux-arm-musleabihf@4.63.1 OK for: rollup@4.63.1 want: 4.63.1
397 silly placeDep ROOT @rollup/rollup-linux-arm64-gnu@4.63.1 OK for: rollup@4.63.1 want: 4.63.1
398 silly placeDep ROOT @rollup/rollup-linux-arm64-musl@4.63.1 OK for: rollup@4.63.1 want: 4.63.1
399 silly placeDep ROOT @rollup/rollup-linux-loong64-gnu@4.63.1 OK for: rollup@4.63.1 want: 4.63.1
400 silly placeDep ROOT @rollup/rollup-linux-loong64-musl@4.63.1 OK for: rollup@4.63.1 want: 4.63.1
401 silly placeDep ROOT @rollup/rollup-linux-ppc64-gnu@4.63.1 OK for: rollup@4.63.1 want: 4.63.1
402 silly placeDep ROOT @rollup/rollup-linux-ppc64-musl@4.63.1 OK for: rollup@4.63.1 want: 4.63.1
403 silly placeDep ROOT @rollup/rollup-linux-riscv64-gnu@4.63.1 OK for: rollup@4.63.1 want: 4.63.1
404 silly placeDep ROOT @rollup/rollup-linux-riscv64-musl@4.63.1 OK for: rollup@4.63.1 want: 4.63.1
405 silly placeDep ROOT @rollup/rollup-linux-s390x-gnu@4.63.1 OK for: rollup@4.63.1 want: 4.63.1
406 silly placeDep ROOT @rollup/rollup-linux-x64-gnu@4.63.1 OK for: rollup@4.63.1 want: 4.63.1
407 silly placeDep ROOT @rollup/rollup-linux-x64-musl@4.63.1 OK for: rollup@4.63.1 want: 4.63.1
408 silly placeDep ROOT @rollup/rollup-openbsd-x64@4.63.1 OK for: rollup@4.63.1 want: 4.63.1
409 silly placeDep ROOT @rollup/rollup-openharmony-arm64@4.63.1 OK for: rollup@4.63.1 want: 4.63.1
410 silly placeDep ROOT @rollup/rollup-win32-arm64-msvc@4.63.1 OK for: rollup@4.63.1 want: 4.63.1
411 silly placeDep ROOT @rollup/rollup-win32-ia32-msvc@4.63.1 OK for: rollup@4.63.1 want: 4.63.1
412 silly placeDep ROOT @rollup/rollup-win32-x64-gnu@4.63.1 OK for: rollup@4.63.1 want: 4.63.1
413 silly placeDep ROOT @rollup/rollup-win32-x64-msvc@4.63.1 OK for: rollup@4.63.1 want: 4.63.1
414 silly placeDep ROOT @types/estree@1.0.9 OK for: rollup@4.63.1 want: 1.0.9
415 silly reify moves {}
416 http cache @types/estree@https://registry.npmjs.org/@types/estree/-/estree-1.0.9.tgz 0ms (cache hit)
417 http cache @rollup/rollup-win32-x64-msvc@https://registry.npmjs.org/@rollup/rollup-win32-x64-msvc/-/rollup-win32-x64-msvc-4.63.1.tgz 0ms (cache hit)
418 http cache @rollup/rollup-win32-x64-gnu@https://registry.npmjs.org/@rollup/rollup-win32-x64-gnu/-/rollup-win32-x64-gnu-4.63.1.tgz 0ms (cache hit)
419 http cache source-map-js@https://registry.npmjs.org/source-map-js/-/source-map-js-1.2.1.tgz 0ms (cache hit)
420 http cache picocolors@https://registry.npmjs.org/picocolors/-/picocolors-1.1.1.tgz 0ms (cache hit)
421 http cache @esbuild/win32-x64@https://registry.npmjs.org/@esbuild/win32-x64/-/win32-x64-0.25.12.tgz 0ms (cache hit)
422 http cache tinyglobby@https://registry.npmjs.org/tinyglobby/-/tinyglobby-0.2.17.tgz 0ms (cache hit)
423 http cache postcss@https://registry.npmjs.org/postcss/-/postcss-8.5.28.tgz 0ms (cache hit)
424 http cache nanoid@https://registry.npmjs.org/nanoid/-/nanoid-3.3.18.tgz 0ms (cache hit)
425 http cache rollup@https://registry.npmjs.org/rollup/-/rollup-4.63.1.tgz 0ms (cache hit)
426 http cache scheduler@https://registry.npmjs.org/scheduler/-/scheduler-0.27.0.tgz 0ms (cache hit)
427 http cache picomatch@https://registry.npmjs.org/picomatch/-/picomatch-4.0.7.tgz 0ms (cache hit)
428 http cache fdir@https://registry.npmjs.org/fdir/-/fdir-6.5.0.tgz 0ms (cache hit)
429 http cache esbuild@https://registry.npmjs.org/esbuild/-/esbuild-0.25.12.tgz 0ms (cache hit)
430 http cache playwright@https://registry.npmjs.org/playwright/-/playwright-1.63.0.tgz 0ms (cache hit)
431 http cache playwright-core@https://registry.npmjs.org/playwright-core/-/playwright-core-1.63.0.tgz 0ms (cache hit)
432 http cache react-dom@https://registry.npmjs.org/react-dom/-/react-dom-19.2.8.tgz 0ms (cache hit)
433 http cache swiper@https://registry.npmjs.org/swiper/-/swiper-11.2.10.tgz 0ms (cache hit)
434 http cache vite@https://registry.npmjs.org/vite/-/vite-6.4.3.tgz 0ms (cache hit)
435 http cache react@https://registry.npmjs.org/react/-/react-19.2.8.tgz 0ms (cache hit)
436 silly tarball no local data for @esbuild/win32-x64@https://registry.npmjs.org/@esbuild/win32-x64/-/win32-x64-0.25.12.tgz. Extracting by manifest.
437 http cache @playwright/test@https://registry.npmjs.org/@playwright/test/-/test-1.63.0.tgz 0ms (cache hit)
438 http fetch GET 200 https://registry.npmjs.org/@esbuild/win32-x64/-/win32-x64-0.25.12.tgz 3058ms (cache miss)
439 silly ADD node_modules/@types/estree
440 silly ADD node_modules/@rollup/rollup-win32-x64-msvc
441 silly ADD node_modules/@rollup/rollup-win32-x64-gnu
442 silly ADD node_modules/source-map-js
443 silly ADD node_modules/picocolors
444 silly ADD node_modules/nanoid
445 silly ADD node_modules/@esbuild/win32-x64
446 silly ADD node_modules/tinyglobby
447 silly ADD node_modules/rollup
448 silly ADD node_modules/postcss
449 silly ADD node_modules/picomatch
450 silly ADD node_modules/fdir
451 silly ADD node_modules/esbuild
452 silly ADD node_modules/scheduler
453 silly ADD node_modules/playwright-core
454 silly ADD node_modules/playwright
455 silly ADD node_modules/vite
456 silly ADD node_modules/swiper
457 silly ADD node_modules/react-dom
458 silly ADD node_modules/react
459 silly ADD node_modules/@playwright/test
460 verbose cwd E:\dev data\Portfolio\Portfolio_v3.1_FullStack_AI
461 verbose os Windows_NT 10.0.19045
462 verbose node v24.19.0
463 verbose npm  v11.17.0
464 verbose exit 0
465 info ok
