0 verbose cli C:\Program Files\nodejs\node.exe C:\Program Files\nodejs\node_modules\npm\bin\npm-cli.js
1 info using npm@11.17.0
2 info using node@v24.19.0
3 silly config load:file:C:\Program Files\nodejs\node_modules\npm\npmrc
4 silly config load:file:E:\dev data\Portfolio\Portfolio_v3.1_FullStack_AI\.npmrc
5 silly config load:file:C:\Users\aurora\.npmrc
6 silly config load:file:C:\Users\aurora\AppData\Roaming\npm\etc\npmrc
7 verbose title npm install
8 verbose argv "install" "--cache" ".npm-cache"
9 verbose logfile logs-max:10 dir:E:\dev data\Portfolio\Portfolio_v3.1_FullStack_AI\.npm-cache\_logs\2026-09-05T18_27_15_518Z-
10 verbose logfile E:\dev data\Portfolio\Portfolio_v3.1_FullStack_AI\.npm-cache\_logs\2026-09-05T18_27_15_518Z-debug-0.log
11 silly logfile done cleaning log files
12 silly packumentCache heap:4496293888 maxSize:1124073472 maxEntrySize:562036736
13 silly idealTree buildDeps
14 silly fetch manifest react@^19.1.0
15 silly packumentCache full:https://registry.npmjs.org/react cache-miss
16 http fetch GET 200 https://registry.npmjs.org/npm 1761ms
17 http fetch GET 200 https://registry.npmjs.org/react 2420ms (cache miss)
18 silly packumentCache full:https://registry.npmjs.org/react set size:undefined disposed:false
19 silly fetch manifest react-dom@^19.1.0
20 silly packumentCache full:https://registry.npmjs.org/react-dom cache-miss
21 http fetch GET 200 https://registry.npmjs.org/react-dom 927ms (cache miss)
22 silly packumentCache full:https://registry.npmjs.org/react-dom set size:undefined disposed:false
23 silly fetch manifest swiper@^11.2.0
24 silly packumentCache full:https://registry.npmjs.org/swiper cache-miss
25 http fetch GET 200 https://registry.npmjs.org/swiper 491ms (cache miss)
26 silly packumentCache full:https://registry.npmjs.org/swiper set size:undefined disposed:false
27 silly fetch manifest vite@^6.3.0
28 silly packumentCache full:https://registry.npmjs.org/vite cache-miss
29 http fetch GET 200 https://registry.npmjs.org/vite 1850ms (cache miss)
30 silly packumentCache full:https://registry.npmjs.org/vite set size:undefined disposed:false
31 silly fetch manifest @types/node@^18.0.0 || ^20.0.0 || >=22.0.0
32 silly packumentCache full:https://registry.npmjs.org/@types%2fnode cache-miss
33 http fetch GET 200 https://registry.npmjs.org/@types%2fnode 463ms (cache miss)
34 silly packumentCache full:https://registry.npmjs.org/@types%2fnode set size:undefined disposed:false
35 silly fetch manifest jiti@>=1.21.0
36 silly packumentCache full:https://registry.npmjs.org/jiti cache-miss
37 http fetch GET 200 https://registry.npmjs.org/jiti 468ms (cache miss)
38 silly packumentCache full:https://registry.npmjs.org/jiti set size:undefined disposed:false
39 silly fetch manifest less@*
40 silly packumentCache full:https://registry.npmjs.org/less cache-miss
41 http fetch GET 200 https://registry.npmjs.org/less 248ms (cache miss)
42 silly packumentCache full:https://registry.npmjs.org/less set size:undefined disposed:false
43 silly fetch manifest lightningcss@^1.21.0
44 silly packumentCache full:https://registry.npmjs.org/lightningcss cache-miss
45 http fetch GET 200 https://registry.npmjs.org/lightningcss 485ms (cache miss)
46 silly packumentCache full:https://registry.npmjs.org/lightningcss set size:undefined disposed:false
47 silly fetch manifest sass@*
48 silly packumentCache full:https://registry.npmjs.org/sass cache-miss
49 http fetch GET 200 https://registry.npmjs.org/sass 269ms (cache miss)
50 silly packumentCache full:https://registry.npmjs.org/sass set size:undefined disposed:false
51 silly fetch manifest sass-embedded@*
52 silly packumentCache full:https://registry.npmjs.org/sass-embedded cache-miss
53 http fetch GET 200 https://registry.npmjs.org/sass-embedded 246ms (cache miss)
54 silly packumentCache full:https://registry.npmjs.org/sass-embedded set size:undefined disposed:false
55 silly fetch manifest stylus@*
56 silly packumentCache full:https://registry.npmjs.org/stylus cache-miss
57 http fetch GET 200 https://registry.npmjs.org/stylus 686ms (cache miss)
58 silly packumentCache full:https://registry.npmjs.org/stylus set size:undefined disposed:false
59 silly fetch manifest sugarss@*
60 silly packumentCache full:https://registry.npmjs.org/sugarss cache-miss
61 http fetch GET 200 https://registry.npmjs.org/sugarss 235ms (cache miss)
62 silly packumentCache full:https://registry.npmjs.org/sugarss set size:undefined disposed:false
63 silly fetch manifest postcss@^8.3.3
64 silly packumentCache full:https://registry.npmjs.org/postcss cache-miss
65 http fetch GET 200 https://registry.npmjs.org/postcss 259ms (cache miss)
66 silly packumentCache full:https://registry.npmjs.org/postcss set size:undefined disposed:false
67 silly fetch manifest terser@^5.16.0
68 silly packumentCache full:https://registry.npmjs.org/terser cache-miss
69 http fetch GET 200 https://registry.npmjs.org/terser 269ms (cache miss)
70 silly packumentCache full:https://registry.npmjs.org/terser set size:undefined disposed:false
71 silly fetch manifest tsx@^4.8.1
72 silly packumentCache full:https://registry.npmjs.org/tsx cache-miss
73 http fetch GET 200 https://registry.npmjs.org/tsx 244ms (cache miss)
74 silly packumentCache full:https://registry.npmjs.org/tsx set size:undefined disposed:false
75 silly fetch manifest yaml@^2.4.2
76 silly packumentCache full:https://registry.npmjs.org/yaml cache-miss
77 http fetch GET 200 https://registry.npmjs.org/yaml 248ms (cache miss)
78 silly packumentCache full:https://registry.npmjs.org/yaml set size:undefined disposed:false
79 silly fetch manifest @playwright/test@^1.51.0
80 silly packumentCache full:https://registry.npmjs.org/@playwright%2ftest cache-miss
81 http fetch GET 200 https://registry.npmjs.org/@playwright%2ftest 820ms (cache miss)
82 silly packumentCache full:https://registry.npmjs.org/@playwright%2ftest set size:undefined disposed:false
83 silly placeDep ROOT @playwright/test@1.63.0 OK for: geniusee-react-portfolio@1.0.0 want: ^1.51.0
84 silly placeDep ROOT react@19.2.8 OK for: geniusee-react-portfolio@1.0.0 want: ^19.1.0
85 silly placeDep ROOT react-dom@19.2.8 OK for: geniusee-react-portfolio@1.0.0 want: ^19.1.0
86 silly placeDep ROOT swiper@11.2.10 OK for: geniusee-react-portfolio@1.0.0 want: ^11.2.0
87 silly placeDep ROOT vite@6.4.3 OK for: geniusee-react-portfolio@1.0.0 want: ^6.3.0
88 silly fetch manifest playwright@1.63.0
89 silly packumentCache full:https://registry.npmjs.org/playwright cache-miss
90 silly fetch manifest scheduler@^0.27.0
91 silly packumentCache full:https://registry.npmjs.org/scheduler cache-miss
92 silly fetch manifest fdir@^6.4.4
93 silly packumentCache full:https://registry.npmjs.org/fdir cache-miss
94 silly fetch manifest rollup@^4.34.9
95 silly packumentCache full:https://registry.npmjs.org/rollup cache-miss
96 silly fetch manifest esbuild@^0.25.0
97 silly packumentCache full:https://registry.npmjs.org/esbuild cache-miss
98 silly fetch manifest postcss@^8.5.3
99 silly packumentCache full:https://registry.npmjs.org/postcss cache-miss
100 silly fetch manifest picomatch@^4.0.2
101 silly packumentCache full:https://registry.npmjs.org/picomatch cache-miss
102 http cache https://registry.npmjs.org/postcss 21ms (cache hit)
103 silly packumentCache full:https://registry.npmjs.org/postcss set size:766699 disposed:false
104 silly fetch manifest tinyglobby@^0.2.13
105 silly packumentCache full:https://registry.npmjs.org/tinyglobby cache-miss
106 http fetch GET 200 https://registry.npmjs.org/fdir 732ms (cache miss)
107 silly packumentCache full:https://registry.npmjs.org/fdir set size:undefined disposed:false
108 silly fetch manifest fsevents@~2.3.3
109 silly packumentCache full:https://registry.npmjs.org/fsevents cache-miss
110 http fetch GET 200 https://registry.npmjs.org/tinyglobby 914ms (cache miss)
111 silly packumentCache full:https://registry.npmjs.org/tinyglobby set size:undefined disposed:false
112 http fetch GET 200 https://registry.npmjs.org/fsevents 243ms (cache miss)
113 silly packumentCache full:https://registry.npmjs.org/fsevents set size:undefined disposed:false
114 http fetch GET 200 https://registry.npmjs.org/picomatch 1171ms (cache miss)
115 silly packumentCache full:https://registry.npmjs.org/picomatch set size:undefined disposed:false
116 http fetch GET 200 https://registry.npmjs.org/playwright 1226ms (cache miss)
117 silly packumentCache full:https://registry.npmjs.org/playwright set size:undefined disposed:false
118 http fetch GET 200 https://registry.npmjs.org/esbuild 1866ms (cache miss)
119 silly packumentCache full:https://registry.npmjs.org/esbuild set size:undefined disposed:false
120 http fetch GET 200 https://registry.npmjs.org/rollup 2086ms (cache miss)
121 silly packumentCache full:https://registry.npmjs.org/rollup set size:undefined disposed:false
122 http fetch GET 200 https://registry.npmjs.org/scheduler 2495ms (cache miss)
123 silly packumentCache full:https://registry.npmjs.org/scheduler set size:undefined disposed:false
124 silly placeDep ROOT playwright@1.63.0 OK for: @playwright/test@1.63.0 want: 1.63.0
125 silly fetch manifest playwright-core@1.63.0
126 silly packumentCache full:https://registry.npmjs.org/playwright-core cache-miss
127 http fetch GET 200 https://registry.npmjs.org/playwright-core 2555ms (cache miss)
128 silly packumentCache full:https://registry.npmjs.org/playwright-core set size:undefined disposed:false
129 silly placeDep ROOT playwright-core@1.63.0 OK for: playwright@1.63.0 want: 1.63.0
130 silly placeDep ROOT scheduler@0.27.0 OK for: react-dom@19.2.8 want: ^0.27.0
131 silly placeDep ROOT esbuild@0.25.12 OK for: vite@6.4.3 want: ^0.25.0
132 silly placeDep ROOT fdir@6.5.0 OK for: vite@6.4.3 want: ^6.4.4
133 silly placeDep ROOT fsevents@2.3.3 OK for: vite@6.4.3 want: ~2.3.3
134 silly placeDep ROOT picomatch@4.0.7 OK for: vite@6.4.3 want: ^4.0.2
135 silly placeDep ROOT postcss@8.5.28 OK for: vite@6.4.3 want: ^8.5.3
136 silly placeDep ROOT rollup@4.63.1 OK for: vite@6.4.3 want: ^4.34.9
137 silly placeDep ROOT tinyglobby@0.2.17 OK for: vite@6.4.3 want: ^0.2.13
138 silly fetch manifest @esbuild/aix-ppc64@0.25.12
139 silly packumentCache full:https://registry.npmjs.org/@esbuild%2faix-ppc64 cache-miss
140 silly fetch manifest @esbuild/linux-arm@0.25.12
141 silly packumentCache full:https://registry.npmjs.org/@esbuild%2flinux-arm cache-miss
142 silly fetch manifest @esbuild/linux-x64@0.25.12
143 silly packumentCache full:https://registry.npmjs.org/@esbuild%2flinux-x64 cache-miss
144 silly fetch manifest @esbuild/sunos-x64@0.25.12
145 silly packumentCache full:https://registry.npmjs.org/@esbuild%2fsunos-x64 cache-miss
146 silly fetch manifest @esbuild/win32-x64@0.25.12
147 silly packumentCache full:https://registry.npmjs.org/@esbuild%2fwin32-x64 cache-miss
148 silly fetch manifest @esbuild/darwin-x64@0.25.12
149 silly packumentCache full:https://registry.npmjs.org/@esbuild%2fdarwin-x64 cache-miss
150 silly fetch manifest @esbuild/linux-ia32@0.25.12
151 silly packumentCache full:https://registry.npmjs.org/@esbuild%2flinux-ia32 cache-miss
152 http fetch GET 200 https://registry.npmjs.org/@esbuild%2faix-ppc64 250ms (cache miss)
153 silly packumentCache full:https://registry.npmjs.org/@esbuild%2faix-ppc64 set size:undefined disposed:false
154 silly fetch manifest @esbuild/netbsd-x64@0.25.12
155 silly packumentCache full:https://registry.npmjs.org/@esbuild%2fnetbsd-x64 cache-miss
156 http fetch GET 200 https://registry.npmjs.org/@esbuild%2flinux-ia32 259ms (cache miss)
157 silly packumentCache full:https://registry.npmjs.org/@esbuild%2flinux-ia32 set size:undefined disposed:false
158 silly fetch manifest @esbuild/win32-ia32@0.25.12
159 silly packumentCache full:https://registry.npmjs.org/@esbuild%2fwin32-ia32 cache-miss
160 http fetch GET 200 https://registry.npmjs.org/@esbuild%2fdarwin-x64 261ms (cache miss)
161 silly packumentCache full:https://registry.npmjs.org/@esbuild%2fdarwin-x64 set size:undefined disposed:false
162 silly fetch manifest @esbuild/android-arm@0.25.12
163 silly packumentCache full:https://registry.npmjs.org/@esbuild%2fandroid-arm cache-miss
164 http fetch GET 200 https://registry.npmjs.org/@esbuild%2fsunos-x64 274ms (cache miss)
165 silly packumentCache full:https://registry.npmjs.org/@esbuild%2fsunos-x64 set size:undefined disposed:false
166 silly fetch manifest @esbuild/android-x64@0.25.12
167 silly packumentCache full:https://registry.npmjs.org/@esbuild%2fandroid-x64 cache-miss
168 http fetch GET 200 https://registry.npmjs.org/@esbuild%2fwin32-x64 308ms (cache miss)
169 silly packumentCache full:https://registry.npmjs.org/@esbuild%2fwin32-x64 set size:undefined disposed:false
170 silly fetch manifest @esbuild/freebsd-x64@0.25.12
171 silly packumentCache full:https://registry.npmjs.org/@esbuild%2ffreebsd-x64 cache-miss
172 http fetch GET 200 https://registry.npmjs.org/@esbuild%2fnetbsd-x64 256ms (cache miss)
173 silly packumentCache full:https://registry.npmjs.org/@esbuild%2fnetbsd-x64 set size:undefined disposed:false
174 silly fetch manifest @esbuild/linux-arm64@0.25.12
175 silly packumentCache full:https://registry.npmjs.org/@esbuild%2flinux-arm64 cache-miss
176 http fetch GET 200 https://registry.npmjs.org/@esbuild%2fwin32-ia32 252ms (cache miss)
177 silly packumentCache full:https://registry.npmjs.org/@esbuild%2fwin32-ia32 set size:undefined disposed:false
178 silly fetch manifest @esbuild/linux-ppc64@0.25.12
179 silly packumentCache full:https://registry.npmjs.org/@esbuild%2flinux-ppc64 cache-miss
180 http fetch GET 200 https://registry.npmjs.org/@esbuild%2fandroid-arm 256ms (cache miss)
181 silly packumentCache full:https://registry.npmjs.org/@esbuild%2fandroid-arm set size:undefined disposed:false
182 silly fetch manifest @esbuild/linux-s390x@0.25.12
183 silly packumentCache full:https://registry.npmjs.org/@esbuild%2flinux-s390x cache-miss
184 http fetch GET 200 https://registry.npmjs.org/@esbuild%2fandroid-x64 274ms (cache miss)
185 silly packumentCache full:https://registry.npmjs.org/@esbuild%2fandroid-x64 set size:undefined disposed:false
186 silly fetch manifest @esbuild/openbsd-x64@0.25.12
187 silly packumentCache full:https://registry.npmjs.org/@esbuild%2fopenbsd-x64 cache-miss
188 http fetch GET 200 https://registry.npmjs.org/@esbuild%2flinux-arm 553ms (cache miss)
189 silly packumentCache full:https://registry.npmjs.org/@esbuild%2flinux-arm set size:undefined disposed:false
190 silly fetch manifest @esbuild/win32-arm64@0.25.12
191 silly packumentCache full:https://registry.npmjs.org/@esbuild%2fwin32-arm64 cache-miss
192 http fetch GET 200 https://registry.npmjs.org/@esbuild%2ffreebsd-x64 267ms (cache miss)
193 silly packumentCache full:https://registry.npmjs.org/@esbuild%2ffreebsd-x64 set size:undefined disposed:false
194 silly fetch manifest @esbuild/darwin-arm64@0.25.12
195 silly packumentCache full:https://registry.npmjs.org/@esbuild%2fdarwin-arm64 cache-miss
196 http fetch GET 200 https://registry.npmjs.org/@esbuild%2flinux-arm64 252ms (cache miss)
197 silly packumentCache full:https://registry.npmjs.org/@esbuild%2flinux-arm64 set size:undefined disposed:false
198 silly fetch manifest @esbuild/netbsd-arm64@0.25.12
199 silly packumentCache full:https://registry.npmjs.org/@esbuild%2fnetbsd-arm64 cache-miss
200 http fetch GET 200 https://registry.npmjs.org/@esbuild%2flinux-ppc64 253ms (cache miss)
201 silly packumentCache full:https://registry.npmjs.org/@esbuild%2flinux-ppc64 set size:undefined disposed:false
202 silly fetch manifest @esbuild/android-arm64@0.25.12
203 silly packumentCache full:https://registry.npmjs.org/@esbuild%2fandroid-arm64 cache-miss
204 http fetch GET 200 https://registry.npmjs.org/@esbuild%2flinux-s390x 257ms (cache miss)
205 silly packumentCache full:https://registry.npmjs.org/@esbuild%2flinux-s390x set size:undefined disposed:false
206 silly fetch manifest @esbuild/freebsd-arm64@0.25.12
207 silly packumentCache full:https://registry.npmjs.org/@esbuild%2ffreebsd-arm64 cache-miss
208 http fetch GET 200 https://registry.npmjs.org/@esbuild%2fopenbsd-x64 268ms (cache miss)
209 silly packumentCache full:https://registry.npmjs.org/@esbuild%2fopenbsd-x64 set size:undefined disposed:false
210 silly fetch manifest @esbuild/linux-loong64@0.25.12
211 silly packumentCache full:https://registry.npmjs.org/@esbuild%2flinux-loong64 cache-miss
212 http fetch GET 200 https://registry.npmjs.org/@esbuild%2fdarwin-arm64 267ms (cache miss)
213 silly packumentCache full:https://registry.npmjs.org/@esbuild%2fdarwin-arm64 set size:undefined disposed:false
214 silly fetch manifest @esbuild/linux-riscv64@0.25.12
215 silly packumentCache full:https://registry.npmjs.org/@esbuild%2flinux-riscv64 cache-miss
216 http fetch GET 200 https://registry.npmjs.org/@esbuild%2fwin32-arm64 347ms (cache miss)
217 silly packumentCache full:https://registry.npmjs.org/@esbuild%2fwin32-arm64 set size:undefined disposed:false
218 silly fetch manifest @esbuild/openbsd-arm64@0.25.12
219 silly packumentCache full:https://registry.npmjs.org/@esbuild%2fopenbsd-arm64 cache-miss
220 http fetch GET 200 https://registry.npmjs.org/@esbuild%2fnetbsd-arm64 241ms (cache miss)
221 silly packumentCache full:https://registry.npmjs.org/@esbuild%2fnetbsd-arm64 set size:undefined disposed:false
222 silly fetch manifest @esbuild/linux-mips64el@0.25.12
223 silly packumentCache full:https://registry.npmjs.org/@esbuild%2flinux-mips64el cache-miss
224 http fetch GET 200 https://registry.npmjs.org/@esbuild%2fandroid-arm64 247ms (cache miss)
225 silly packumentCache full:https://registry.npmjs.org/@esbuild%2fandroid-arm64 set size:undefined disposed:false
226 silly fetch manifest @esbuild/openharmony-arm64@0.25.12
227 silly packumentCache full:https://registry.npmjs.org/@esbuild%2fopenharmony-arm64 cache-miss
228 http fetch GET 200 https://registry.npmjs.org/@esbuild%2ffreebsd-arm64 256ms (cache miss)
229 silly packumentCache full:https://registry.npmjs.org/@esbuild%2ffreebsd-arm64 set size:undefined disposed:false
230 silly fetch manifest nanoid@^3.3.18
231 silly packumentCache full:https://registry.npmjs.org/nanoid cache-miss
232 http fetch GET 200 https://registry.npmjs.org/@esbuild%2flinux-riscv64 265ms (cache miss)
233 silly packumentCache full:https://registry.npmjs.org/@esbuild%2flinux-riscv64 set size:undefined disposed:false
234 silly fetch manifest picocolors@^1.1.1
235 silly packumentCache full:https://registry.npmjs.org/picocolors cache-miss
236 http fetch GET 200 https://registry.npmjs.org/@esbuild%2fopenbsd-arm64 241ms (cache miss)
237 silly packumentCache full:https://registry.npmjs.org/@esbuild%2fopenbsd-arm64 set size:undefined disposed:false
238 silly fetch manifest source-map-js@^1.2.1
239 silly packumentCache full:https://registry.npmjs.org/source-map-js cache-miss
240 http fetch GET 200 https://registry.npmjs.org/@esbuild%2flinux-mips64el 250ms (cache miss)
241 silly packumentCache full:https://registry.npmjs.org/@esbuild%2flinux-mips64el set size:undefined disposed:false
242 silly fetch manifest @types/estree@1.0.9
243 silly packumentCache full:https://registry.npmjs.org/@types%2festree cache-miss
244 http fetch GET 200 https://registry.npmjs.org/@esbuild%2fopenharmony-arm64 245ms (cache miss)
245 silly packumentCache full:https://registry.npmjs.org/@esbuild%2fopenharmony-arm64 set size:undefined disposed:false
246 silly fetch manifest @rollup/rollup-darwin-x64@4.63.1
247 silly packumentCache full:https://registry.npmjs.org/@rollup%2frollup-darwin-x64 cache-miss
248 http fetch GET 200 https://registry.npmjs.org/nanoid 250ms (cache miss)
249 silly packumentCache full:https://registry.npmjs.org/nanoid set size:undefined disposed:false
250 silly fetch manifest @rollup/rollup-freebsd-x64@4.63.1
251 silly packumentCache full:https://registry.npmjs.org/@rollup%2frollup-freebsd-x64 cache-miss
252 http fetch GET 200 https://registry.npmjs.org/@esbuild%2flinux-loong64 475ms (cache miss)
253 silly packumentCache full:https://registry.npmjs.org/@esbuild%2flinux-loong64 set size:undefined disposed:false
254 silly fetch manifest @rollup/rollup-openbsd-x64@4.63.1
255 silly packumentCache full:https://registry.npmjs.org/@rollup%2frollup-openbsd-x64 cache-miss
256 http fetch GET 200 https://registry.npmjs.org/picocolors 236ms (cache miss)
257 silly packumentCache full:https://registry.npmjs.org/picocolors set size:undefined disposed:false
258 silly fetch manifest @napi-rs/lzma-linux-x64-gnu@1.5.1
259 silly packumentCache full:https://registry.npmjs.org/@napi-rs%2flzma-linux-x64-gnu cache-miss
260 http fetch GET 200 https://registry.npmjs.org/source-map-js 234ms (cache miss)
261 silly packumentCache full:https://registry.npmjs.org/source-map-js set size:undefined disposed:false
262 silly fetch manifest @rollup/rollup-darwin-arm64@4.63.1
263 silly packumentCache full:https://registry.npmjs.org/@rollup%2frollup-darwin-arm64 cache-miss
264 http fetch GET 200 https://registry.npmjs.org/@types%2festree 241ms (cache miss)
265 silly packumentCache full:https://registry.npmjs.org/@types%2festree set size:undefined disposed:false
266 silly fetch manifest @rollup/rollup-android-arm64@4.63.1
267 silly packumentCache full:https://registry.npmjs.org/@rollup%2frollup-android-arm64 cache-miss
268 http fetch GET 200 https://registry.npmjs.org/@esbuild%2flinux-x64 1535ms (cache miss)
269 silly packumentCache full:https://registry.npmjs.org/@esbuild%2flinux-x64 set size:undefined disposed:false
270 silly fetch manifest @rollup/rollup-freebsd-arm64@4.63.1
271 silly packumentCache full:https://registry.npmjs.org/@rollup%2frollup-freebsd-arm64 cache-miss
272 http fetch GET 200 https://registry.npmjs.org/@rollup%2frollup-darwin-x64 284ms (cache miss)
273 silly packumentCache full:https://registry.npmjs.org/@rollup%2frollup-darwin-x64 set size:undefined disposed:false
274 silly fetch manifest @rollup/rollup-linux-x64-gnu@4.63.1
275 silly packumentCache full:https://registry.npmjs.org/@rollup%2frollup-linux-x64-gnu cache-miss
276 http fetch GET 200 https://registry.npmjs.org/@rollup%2frollup-openbsd-x64 280ms (cache miss)
277 silly packumentCache full:https://registry.npmjs.org/@rollup%2frollup-openbsd-x64 set size:undefined disposed:false
278 silly fetch manifest @rollup/rollup-win32-x64-gnu@4.63.1
279 silly packumentCache full:https://registry.npmjs.org/@rollup%2frollup-win32-x64-gnu cache-miss
280 http fetch GET 200 https://registry.npmjs.org/@rollup%2frollup-freebsd-x64 297ms (cache miss)
281 silly packumentCache full:https://registry.npmjs.org/@rollup%2frollup-freebsd-x64 set size:undefined disposed:false
282 silly fetch manifest @rollup/rollup-linux-x64-musl@4.63.1
283 silly packumentCache full:https://registry.npmjs.org/@rollup%2frollup-linux-x64-musl cache-miss
284 http fetch GET 200 https://registry.npmjs.org/@napi-rs%2flzma-linux-x64-gnu 269ms (cache miss)
285 silly packumentCache full:https://registry.npmjs.org/@napi-rs%2flzma-linux-x64-gnu set size:undefined disposed:false
286 silly fetch manifest @rollup/rollup-win32-x64-msvc@4.63.1
287 silly packumentCache full:https://registry.npmjs.org/@rollup%2frollup-win32-x64-msvc cache-miss
288 http fetch GET 200 https://registry.npmjs.org/@rollup%2frollup-android-arm64 316ms (cache miss)
289 silly packumentCache full:https://registry.npmjs.org/@rollup%2frollup-android-arm64 set size:undefined disposed:false
290 silly fetch manifest @rollup/rollup-linux-arm64-gnu@4.63.1
291 silly packumentCache full:https://registry.npmjs.org/@rollup%2frollup-linux-arm64-gnu cache-miss
292 http fetch GET 200 https://registry.npmjs.org/@rollup%2frollup-linux-x64-musl 257ms (cache miss)
293 silly packumentCache full:https://registry.npmjs.org/@rollup%2frollup-linux-x64-musl set size:undefined disposed:false
294 silly fetch manifest @rollup/rollup-linux-ppc64-gnu@4.63.1
295 silly packumentCache full:https://registry.npmjs.org/@rollup%2frollup-linux-ppc64-gnu cache-miss
296 http fetch GET 200 https://registry.npmjs.org/@rollup%2frollup-freebsd-arm64 310ms (cache miss)
297 silly packumentCache full:https://registry.npmjs.org/@rollup%2frollup-freebsd-arm64 set size:undefined disposed:false
298 silly fetch manifest @rollup/rollup-linux-s390x-gnu@4.63.1
299 silly packumentCache full:https://registry.npmjs.org/@rollup%2frollup-linux-s390x-gnu cache-miss
300 http fetch GET 200 https://registry.npmjs.org/@rollup%2frollup-win32-x64-gnu 279ms (cache miss)
301 silly packumentCache full:https://registry.npmjs.org/@rollup%2frollup-win32-x64-gnu set size:undefined disposed:false
302 silly fetch manifest @rollup/rollup-win32-ia32-msvc@4.63.1
303 silly packumentCache full:https://registry.npmjs.org/@rollup%2frollup-win32-ia32-msvc cache-miss
304 http fetch GET 200 https://registry.npmjs.org/@rollup%2frollup-darwin-arm64 566ms (cache miss)
305 silly packumentCache full:https://registry.npmjs.org/@rollup%2frollup-darwin-arm64 set size:undefined disposed:false
306 silly fetch manifest @rollup/rollup-android-arm-eabi@4.63.1
307 silly packumentCache full:https://registry.npmjs.org/@rollup%2frollup-android-arm-eabi cache-miss
308 http fetch GET 200 https://registry.npmjs.org/@rollup%2frollup-linux-ppc64-gnu 250ms (cache miss)
309 silly packumentCache full:https://registry.npmjs.org/@rollup%2frollup-linux-ppc64-gnu set size:undefined disposed:false
310 silly fetch manifest @rollup/rollup-linux-arm64-musl@4.63.1
311 silly packumentCache full:https://registry.npmjs.org/@rollup%2frollup-linux-arm64-musl cache-miss
312 http fetch GET 200 https://registry.npmjs.org/@rollup%2frollup-win32-x64-msvc 501ms (cache miss)
313 silly packumentCache full:https://registry.npmjs.org/@rollup%2frollup-win32-x64-msvc set size:undefined disposed:false
314 silly fetch manifest @rollup/rollup-linux-ppc64-musl@4.63.1
315 silly packumentCache full:https://registry.npmjs.org/@rollup%2frollup-linux-ppc64-musl cache-miss
316 http fetch GET 200 https://registry.npmjs.org/@rollup%2frollup-linux-s390x-gnu 278ms (cache miss)
317 silly packumentCache full:https://registry.npmjs.org/@rollup%2frollup-linux-s390x-gnu set size:undefined disposed:false
318 silly fetch manifest @rollup/rollup-win32-arm64-msvc@4.63.1
319 silly packumentCache full:https://registry.npmjs.org/@rollup%2frollup-win32-arm64-msvc cache-miss
320 http fetch GET 200 https://registry.npmjs.org/@rollup%2frollup-linux-arm64-gnu 493ms (cache miss)
321 silly packumentCache full:https://registry.npmjs.org/@rollup%2frollup-linux-arm64-gnu set size:undefined disposed:false
322 silly fetch manifest @rollup/rollup-linux-loong64-gnu@4.63.1
323 silly packumentCache full:https://registry.npmjs.org/@rollup%2frollup-linux-loong64-gnu cache-miss
324 http fetch GET 200 https://registry.npmjs.org/@rollup%2frollup-linux-arm64-musl 315ms (cache miss)
325 silly packumentCache full:https://registry.npmjs.org/@rollup%2frollup-linux-arm64-musl set size:undefined disposed:false
326 silly fetch manifest @rollup/rollup-linux-riscv64-gnu@4.63.1
327 silly packumentCache full:https://registry.npmjs.org/@rollup%2frollup-linux-riscv64-gnu cache-miss
328 http fetch GET 200 https://registry.npmjs.org/@rollup%2frollup-win32-ia32-msvc 558ms (cache miss)
329 silly packumentCache full:https://registry.npmjs.org/@rollup%2frollup-win32-ia32-msvc set size:undefined disposed:false
330 silly fetch manifest @rollup/rollup-openharmony-arm64@4.63.1
331 silly packumentCache full:https://registry.npmjs.org/@rollup%2frollup-openharmony-arm64 cache-miss
332 http fetch GET 200 https://registry.npmjs.org/@rollup%2frollup-linux-ppc64-musl 295ms (cache miss)
333 silly packumentCache full:https://registry.npmjs.org/@rollup%2frollup-linux-ppc64-musl set size:undefined disposed:false
334 silly fetch manifest @rollup/rollup-linux-loong64-musl@4.63.1
335 silly packumentCache full:https://registry.npmjs.org/@rollup%2frollup-linux-loong64-musl cache-miss
336 http fetch GET 200 https://registry.npmjs.org/@rollup%2frollup-android-arm-eabi 481ms (cache miss)
337 silly packumentCache full:https://registry.npmjs.org/@rollup%2frollup-android-arm-eabi set size:undefined disposed:false
338 silly fetch manifest @rollup/rollup-linux-riscv64-musl@4.63.1
339 silly packumentCache full:https://registry.npmjs.org/@rollup%2frollup-linux-riscv64-musl cache-miss
340 http fetch GET 200 https://registry.npmjs.org/@rollup%2frollup-win32-arm64-msvc 326ms (cache miss)
341 silly packumentCache full:https://registry.npmjs.org/@rollup%2frollup-win32-arm64-msvc set size:undefined disposed:false
342 silly fetch manifest @rollup/rollup-linux-arm-gnueabihf@4.63.1
343 silly packumentCache full:https://registry.npmjs.org/@rollup%2frollup-linux-arm-gnueabihf cache-miss
344 http fetch GET 200 https://registry.npmjs.org/@rollup%2frollup-linux-loong64-gnu 270ms (cache miss)
345 silly packumentCache full:https://registry.npmjs.org/@rollup%2frollup-linux-loong64-gnu set size:undefined disposed:false
346 silly fetch manifest @rollup/rollup-linux-arm-musleabihf@4.63.1
347 silly packumentCache full:https://registry.npmjs.org/@rollup%2frollup-linux-arm-musleabihf cache-miss
348 http fetch GET 200 https://registry.npmjs.org/@rollup%2frollup-linux-loong64-musl 256ms (cache miss)
349 silly packumentCache full:https://registry.npmjs.org/@rollup%2frollup-linux-loong64-musl set size:undefined disposed:false
350 http fetch GET 200 https://registry.npmjs.org/@rollup%2frollup-openharmony-arm64 260ms (cache miss)
351 silly packumentCache full:https://registry.npmjs.org/@rollup%2frollup-openharmony-arm64 set size:undefined disposed:false
352 http fetch GET 200 https://registry.npmjs.org/@rollup%2frollup-linux-riscv64-musl 249ms (cache miss)
353 silly packumentCache full:https://registry.npmjs.org/@rollup%2frollup-linux-riscv64-musl set size:undefined disposed:false
354 http fetch GET 200 https://registry.npmjs.org/@rollup%2frollup-linux-riscv64-gnu 280ms (cache miss)
355 silly packumentCache full:https://registry.npmjs.org/@rollup%2frollup-linux-riscv64-gnu set size:undefined disposed:false
356 http fetch GET 200 https://registry.npmjs.org/@rollup%2frollup-linux-arm-musleabihf 274ms (cache miss)
357 silly packumentCache full:https://registry.npmjs.org/@rollup%2frollup-linux-arm-musleabihf set size:undefined disposed:false
358 http fetch GET 200 https://registry.npmjs.org/@rollup%2frollup-linux-arm-gnueabihf 467ms (cache miss)
359 silly packumentCache full:https://registry.npmjs.org/@rollup%2frollup-linux-arm-gnueabihf set size:undefined disposed:false
360 http fetch GET 200 https://registry.npmjs.org/@rollup%2frollup-linux-x64-gnu 1467ms (cache miss)
361 silly packumentCache full:https://registry.npmjs.org/@rollup%2frollup-linux-x64-gnu set size:undefined disposed:false
362 silly placeDep ROOT @esbuild/aix-ppc64@0.25.12 OK for: esbuild@0.25.12 want: 0.25.12
363 silly placeDep ROOT @esbuild/android-arm@0.25.12 OK for: esbuild@0.25.12 want: 0.25.12
364 silly placeDep ROOT @esbuild/android-arm64@0.25.12 OK for: esbuild@0.25.12 want: 0.25.12
365 silly placeDep ROOT @esbuild/android-x64@0.25.12 OK for: esbuild@0.25.12 want: 0.25.12
366 silly placeDep ROOT @esbuild/darwin-arm64@0.25.12 OK for: esbuild@0.25.12 want: 0.25.12
367 silly placeDep ROOT @esbuild/darwin-x64@0.25.12 OK for: esbuild@0.25.12 want: 0.25.12
368 silly placeDep ROOT @esbuild/freebsd-arm64@0.25.12 OK for: esbuild@0.25.12 want: 0.25.12
369 silly placeDep ROOT @esbuild/freebsd-x64@0.25.12 OK for: esbuild@0.25.12 want: 0.25.12
370 silly placeDep ROOT @esbuild/linux-arm@0.25.12 OK for: esbuild@0.25.12 want: 0.25.12
371 silly placeDep ROOT @esbuild/linux-arm64@0.25.12 OK for: esbuild@0.25.12 want: 0.25.12
372 silly placeDep ROOT @esbuild/linux-ia32@0.25.12 OK for: esbuild@0.25.12 want: 0.25.12
373 silly placeDep ROOT @esbuild/linux-loong64@0.25.12 OK for: esbuild@0.25.12 want: 0.25.12
374 silly placeDep ROOT @esbuild/linux-mips64el@0.25.12 OK for: esbuild@0.25.12 want: 0.25.12
375 silly placeDep ROOT @esbuild/linux-ppc64@0.25.12 OK for: esbuild@0.25.12 want: 0.25.12
376 silly placeDep ROOT @esbuild/linux-riscv64@0.25.12 OK for: esbuild@0.25.12 want: 0.25.12
377 silly placeDep ROOT @esbuild/linux-s390x@0.25.12 OK for: esbuild@0.25.12 want: 0.25.12
378 silly placeDep ROOT @esbuild/linux-x64@0.25.12 OK for: esbuild@0.25.12 want: 0.25.12
379 silly placeDep ROOT @esbuild/netbsd-arm64@0.25.12 OK for: esbuild@0.25.12 want: 0.25.12
380 silly placeDep ROOT @esbuild/netbsd-x64@0.25.12 OK for: esbuild@0.25.12 want: 0.25.12
381 silly placeDep ROOT @esbuild/openbsd-arm64@0.25.12 OK for: esbuild@0.25.12 want: 0.25.12
382 silly placeDep ROOT @esbuild/openbsd-x64@0.25.12 OK for: esbuild@0.25.12 want: 0.25.12
383 silly placeDep ROOT @esbuild/openharmony-arm64@0.25.12 OK for: esbuild@0.25.12 want: 0.25.12
384 silly placeDep ROOT @esbuild/sunos-x64@0.25.12 OK for: esbuild@0.25.12 want: 0.25.12
385 silly placeDep ROOT @esbuild/win32-arm64@0.25.12 OK for: esbuild@0.25.12 want: 0.25.12
386 silly placeDep ROOT @esbuild/win32-ia32@0.25.12 OK for: esbuild@0.25.12 want: 0.25.12
387 silly placeDep ROOT @esbuild/win32-x64@0.25.12 OK for: esbuild@0.25.12 want: 0.25.12
388 silly placeDep ROOT nanoid@3.3.18 OK for: postcss@8.5.28 want: ^3.3.18
389 silly placeDep ROOT picocolors@1.1.1 OK for: postcss@8.5.28 want: ^1.1.1
390 silly placeDep ROOT source-map-js@1.2.1 OK for: postcss@8.5.28 want: ^1.2.1
391 silly placeDep ROOT @napi-rs/lzma-linux-x64-gnu@1.5.1 OK for: rollup@4.63.1 want: 1.5.1
392 silly placeDep ROOT @rollup/rollup-android-arm-eabi@4.63.1 OK for: rollup@4.63.1 want: 4.63.1
393 silly placeDep ROOT @rollup/rollup-android-arm64@4.63.1 OK for: rollup@4.63.1 want: 4.63.1
394 silly placeDep ROOT @rollup/rollup-darwin-arm64@4.63.1 OK for: rollup@4.63.1 want: 4.63.1
395 silly placeDep ROOT @rollup/rollup-darwin-x64@4.63.1 OK for: rollup@4.63.1 want: 4.63.1
396 silly placeDep ROOT @rollup/rollup-freebsd-arm64@4.63.1 OK for: rollup@4.63.1 want: 4.63.1
397 silly placeDep ROOT @rollup/rollup-freebsd-x64@4.63.1 OK for: rollup@4.63.1 want: 4.63.1
398 silly placeDep ROOT @rollup/rollup-linux-arm-gnueabihf@4.63.1 OK for: rollup@4.63.1 want: 4.63.1
399 silly placeDep ROOT @rollup/rollup-linux-arm-musleabihf@4.63.1 OK for: rollup@4.63.1 want: 4.63.1
400 silly placeDep ROOT @rollup/rollup-linux-arm64-gnu@4.63.1 OK for: rollup@4.63.1 want: 4.63.1
401 silly placeDep ROOT @rollup/rollup-linux-arm64-musl@4.63.1 OK for: rollup@4.63.1 want: 4.63.1
402 silly placeDep ROOT @rollup/rollup-linux-loong64-gnu@4.63.1 OK for: rollup@4.63.1 want: 4.63.1
403 silly placeDep ROOT @rollup/rollup-linux-loong64-musl@4.63.1 OK for: rollup@4.63.1 want: 4.63.1
404 silly placeDep ROOT @rollup/rollup-linux-ppc64-gnu@4.63.1 OK for: rollup@4.63.1 want: 4.63.1
405 silly placeDep ROOT @rollup/rollup-linux-ppc64-musl@4.63.1 OK for: rollup@4.63.1 want: 4.63.1
406 silly placeDep ROOT @rollup/rollup-linux-riscv64-gnu@4.63.1 OK for: rollup@4.63.1 want: 4.63.1
407 silly placeDep ROOT @rollup/rollup-linux-riscv64-musl@4.63.1 OK for: rollup@4.63.1 want: 4.63.1
408 silly placeDep ROOT @rollup/rollup-linux-s390x-gnu@4.63.1 OK for: rollup@4.63.1 want: 4.63.1
409 silly placeDep ROOT @rollup/rollup-linux-x64-gnu@4.63.1 OK for: rollup@4.63.1 want: 4.63.1
410 silly placeDep ROOT @rollup/rollup-linux-x64-musl@4.63.1 OK for: rollup@4.63.1 want: 4.63.1
411 silly placeDep ROOT @rollup/rollup-openbsd-x64@4.63.1 OK for: rollup@4.63.1 want: 4.63.1
412 silly placeDep ROOT @rollup/rollup-openharmony-arm64@4.63.1 OK for: rollup@4.63.1 want: 4.63.1
413 silly placeDep ROOT @rollup/rollup-win32-arm64-msvc@4.63.1 OK for: rollup@4.63.1 want: 4.63.1
414 silly placeDep ROOT @rollup/rollup-win32-ia32-msvc@4.63.1 OK for: rollup@4.63.1 want: 4.63.1
415 silly placeDep ROOT @rollup/rollup-win32-x64-gnu@4.63.1 OK for: rollup@4.63.1 want: 4.63.1
416 silly placeDep ROOT @rollup/rollup-win32-x64-msvc@4.63.1 OK for: rollup@4.63.1 want: 4.63.1
417 silly placeDep ROOT @types/estree@1.0.9 OK for: rollup@4.63.1 want: 1.0.9
418 silly reify moves {}
419 silly audit bulk request {
419 silly audit   '@playwright/test': [ '1.63.0' ],
419 silly audit   react: [ '19.2.8' ],
419 silly audit   'react-dom': [ '19.2.8' ],
419 silly audit   swiper: [ '11.2.10' ],
419 silly audit   vite: [ '6.4.3' ],
419 silly audit   playwright: [ '1.63.0' ],
419 silly audit   'playwright-core': [ '1.63.0' ],
419 silly audit   scheduler: [ '0.27.0' ],
419 silly audit   esbuild: [ '0.25.12' ],
419 silly audit   fdir: [ '6.5.0' ],
419 silly audit   fsevents: [ '2.3.3' ],
419 silly audit   picomatch: [ '4.0.7' ],
419 silly audit   postcss: [ '8.5.28' ],
419 silly audit   rollup: [ '4.63.1' ],
419 silly audit   tinyglobby: [ '0.2.17' ],
419 silly audit   '@esbuild/aix-ppc64': [ '0.25.12' ],
419 silly audit   '@esbuild/android-arm': [ '0.25.12' ],
419 silly audit   '@esbuild/android-arm64': [ '0.25.12' ],
419 silly audit   '@esbuild/android-x64': [ '0.25.12' ],
419 silly audit   '@esbuild/darwin-arm64': [ '0.25.12' ],
419 silly audit   '@esbuild/darwin-x64': [ '0.25.12' ],
419 silly audit   '@esbuild/freebsd-arm64': [ '0.25.12' ],
419 silly audit   '@esbuild/freebsd-x64': [ '0.25.12' ],
419 silly audit   '@esbuild/linux-arm': [ '0.25.12' ],
419 silly audit   '@esbuild/linux-arm64': [ '0.25.12' ],
419 silly audit   '@esbuild/linux-ia32': [ '0.25.12' ],
419 silly audit   '@esbuild/linux-loong64': [ '0.25.12' ],
419 silly audit   '@esbuild/linux-mips64el': [ '0.25.12' ],
419 silly audit   '@esbuild/linux-ppc64': [ '0.25.12' ],
419 silly audit   '@esbuild/linux-riscv64': [ '0.25.12' ],
419 silly audit   '@esbuild/linux-s390x': [ '0.25.12' ],
419 silly audit   '@esbuild/linux-x64': [ '0.25.12' ],
419 silly audit   '@esbuild/netbsd-arm64': [ '0.25.12' ],
419 silly audit   '@esbuild/netbsd-x64': [ '0.25.12' ],
419 silly audit   '@esbuild/openbsd-arm64': [ '0.25.12' ],
419 silly audit   '@esbuild/openbsd-x64': [ '0.25.12' ],
419 silly audit   '@esbuild/openharmony-arm64': [ '0.25.12' ],
419 silly audit   '@esbuild/sunos-x64': [ '0.25.12' ],
419 silly audit   '@esbuild/win32-arm64': [ '0.25.12' ],
419 silly audit   '@esbuild/win32-ia32': [ '0.25.12' ],
419 silly audit   '@esbuild/win32-x64': [ '0.25.12' ],
419 silly audit   nanoid: [ '3.3.18' ],
419 silly audit   picocolors: [ '1.1.1' ],
419 silly audit   'source-map-js': [ '1.2.1' ],
419 silly audit   '@napi-rs/lzma-linux-x64-gnu': [ '1.5.1' ],
419 silly audit   '@rollup/rollup-android-arm-eabi': [ '4.63.1' ],
419 silly audit   '@rollup/rollup-android-arm64': [ '4.63.1' ],
419 silly audit   '@rollup/rollup-darwin-arm64': [ '4.63.1' ],
419 silly audit   '@rollup/rollup-darwin-x64': [ '4.63.1' ],
419 silly audit   '@rollup/rollup-freebsd-arm64': [ '4.63.1' ],
419 silly audit   '@rollup/rollup-freebsd-x64': [ '4.63.1' ],
419 silly audit   '@rollup/rollup-linux-arm-gnueabihf': [ '4.63.1' ],
419 silly audit   '@rollup/rollup-linux-arm-musleabihf': [ '4.63.1' ],
419 silly audit   '@rollup/rollup-linux-arm64-gnu': [ '4.63.1' ],
419 silly audit   '@rollup/rollup-linux-arm64-musl': [ '4.63.1' ],
419 silly audit   '@rollup/rollup-linux-loong64-gnu': [ '4.63.1' ],
419 silly audit   '@rollup/rollup-linux-loong64-musl': [ '4.63.1' ],
419 silly audit   '@rollup/rollup-linux-ppc64-gnu': [ '4.63.1' ],
419 silly audit   '@rollup/rollup-linux-ppc64-musl': [ '4.63.1' ],
419 silly audit   '@rollup/rollup-linux-riscv64-gnu': [ '4.63.1' ],
419 silly audit   '@rollup/rollup-linux-riscv64-musl': [ '4.63.1' ],
419 silly audit   '@rollup/rollup-linux-s390x-gnu': [ '4.63.1' ],
419 silly audit   '@rollup/rollup-linux-x64-gnu': [ '4.63.1' ],
419 silly audit   '@rollup/rollup-linux-x64-musl': [ '4.63.1' ],
419 silly audit   '@rollup/rollup-openbsd-x64': [ '4.63.1' ],
419 silly audit   '@rollup/rollup-openharmony-arm64': [ '4.63.1' ],
419 silly audit   '@rollup/rollup-win32-arm64-msvc': [ '4.63.1' ],
419 silly audit   '@rollup/rollup-win32-ia32-msvc': [ '4.63.1' ],
419 silly audit   '@rollup/rollup-win32-x64-gnu': [ '4.63.1' ],
419 silly audit   '@rollup/rollup-win32-x64-msvc': [ '4.63.1' ],
419 silly audit   '@types/estree': [ '1.0.9' ]
419 silly audit }
420 http cache @types/estree@https://registry.npmjs.org/@types/estree/-/estree-1.0.9.tgz 0ms (cache hit)
421 http cache @rollup/rollup-win32-x64-msvc@https://registry.npmjs.org/@rollup/rollup-win32-x64-msvc/-/rollup-win32-x64-msvc-4.63.1.tgz 0ms (cache hit)
422 http cache @rollup/rollup-win32-x64-gnu@https://registry.npmjs.org/@rollup/rollup-win32-x64-gnu/-/rollup-win32-x64-gnu-4.63.1.tgz 0ms (cache hit)
423 http cache source-map-js@https://registry.npmjs.org/source-map-js/-/source-map-js-1.2.1.tgz 0ms (cache hit)
424 http cache picocolors@https://registry.npmjs.org/picocolors/-/picocolors-1.1.1.tgz 0ms (cache hit)
425 http cache nanoid@https://registry.npmjs.org/nanoid/-/nanoid-3.3.18.tgz 0ms (cache hit)
426 http cache @esbuild/win32-x64@https://registry.npmjs.org/@esbuild/win32-x64/-/win32-x64-0.25.12.tgz 0ms (cache hit)
427 http cache tinyglobby@https://registry.npmjs.org/tinyglobby/-/tinyglobby-0.2.17.tgz 0ms (cache hit)
428 http cache postcss@https://registry.npmjs.org/postcss/-/postcss-8.5.28.tgz 0ms (cache hit)
429 http cache rollup@https://registry.npmjs.org/rollup/-/rollup-4.63.1.tgz 0ms (cache hit)
430 http cache picomatch@https://registry.npmjs.org/picomatch/-/picomatch-4.0.7.tgz 0ms (cache hit)
431 http cache fdir@https://registry.npmjs.org/fdir/-/fdir-6.5.0.tgz 0ms (cache hit)
432 http cache scheduler@https://registry.npmjs.org/scheduler/-/scheduler-0.27.0.tgz 0ms (cache hit)
433 http cache esbuild@https://registry.npmjs.org/esbuild/-/esbuild-0.25.12.tgz 0ms (cache hit)
434 http cache vite@https://registry.npmjs.org/vite/-/vite-6.4.3.tgz 0ms (cache hit)
435 http cache playwright-core@https://registry.npmjs.org/playwright-core/-/playwright-core-1.63.0.tgz 0ms (cache hit)
436 http cache swiper@https://registry.npmjs.org/swiper/-/swiper-11.2.10.tgz 0ms (cache hit)
437 http cache playwright@https://registry.npmjs.org/playwright/-/playwright-1.63.0.tgz 0ms (cache hit)
438 silly tarball no local data for @types/estree@https://registry.npmjs.org/@types/estree/-/estree-1.0.9.tgz. Extracting by manifest.
439 silly tarball no local data for @rollup/rollup-win32-x64-msvc@https://registry.npmjs.org/@rollup/rollup-win32-x64-msvc/-/rollup-win32-x64-msvc-4.63.1.tgz. Extracting by manifest.
440 silly tarball no local data for @rollup/rollup-win32-x64-gnu@https://registry.npmjs.org/@rollup/rollup-win32-x64-gnu/-/rollup-win32-x64-gnu-4.63.1.tgz. Extracting by manifest.
441 silly tarball no local data for source-map-js@https://registry.npmjs.org/source-map-js/-/source-map-js-1.2.1.tgz. Extracting by manifest.
442 silly tarball no local data for picocolors@https://registry.npmjs.org/picocolors/-/picocolors-1.1.1.tgz. Extracting by manifest.
443 silly tarball no local data for nanoid@https://registry.npmjs.org/nanoid/-/nanoid-3.3.18.tgz. Extracting by manifest.
444 silly tarball no local data for @esbuild/win32-x64@https://registry.npmjs.org/@esbuild/win32-x64/-/win32-x64-0.25.12.tgz. Extracting by manifest.
445 http cache @playwright/test@https://registry.npmjs.org/@playwright/test/-/test-1.63.0.tgz 0ms (cache hit)
446 silly tarball no local data for tinyglobby@https://registry.npmjs.org/tinyglobby/-/tinyglobby-0.2.17.tgz. Extracting by manifest.
447 silly tarball no local data for postcss@https://registry.npmjs.org/postcss/-/postcss-8.5.28.tgz. Extracting by manifest.
448 silly tarball no local data for rollup@https://registry.npmjs.org/rollup/-/rollup-4.63.1.tgz. Extracting by manifest.
449 silly tarball no local data for picomatch@https://registry.npmjs.org/picomatch/-/picomatch-4.0.7.tgz. Extracting by manifest.
450 silly tarball no local data for fdir@https://registry.npmjs.org/fdir/-/fdir-6.5.0.tgz. Extracting by manifest.
451 silly tarball no local data for scheduler@https://registry.npmjs.org/scheduler/-/scheduler-0.27.0.tgz. Extracting by manifest.
452 silly tarball no local data for esbuild@https://registry.npmjs.org/esbuild/-/esbuild-0.25.12.tgz. Extracting by manifest.
453 silly tarball no local data for vite@https://registry.npmjs.org/vite/-/vite-6.4.3.tgz. Extracting by manifest.
454 silly tarball no local data for playwright-core@https://registry.npmjs.org/playwright-core/-/playwright-core-1.63.0.tgz. Extracting by manifest.
455 silly tarball no local data for swiper@https://registry.npmjs.org/swiper/-/swiper-11.2.10.tgz. Extracting by manifest.
456 silly tarball no local data for playwright@https://registry.npmjs.org/playwright/-/playwright-1.63.0.tgz. Extracting by manifest.
457 http cache react@https://registry.npmjs.org/react/-/react-19.2.8.tgz 0ms (cache hit)
458 http cache react-dom@https://registry.npmjs.org/react-dom/-/react-dom-19.2.8.tgz 0ms (cache hit)
459 silly tarball no local data for @playwright/test@https://registry.npmjs.org/@playwright/test/-/test-1.63.0.tgz. Extracting by manifest.
460 silly tarball no local data for react@https://registry.npmjs.org/react/-/react-19.2.8.tgz. Extracting by manifest.
461 silly tarball no local data for react-dom@https://registry.npmjs.org/react-dom/-/react-dom-19.2.8.tgz. Extracting by manifest.
462 http fetch GET 200 https://registry.npmjs.org/picocolors/-/picocolors-1.1.1.tgz 254ms (cache miss)
463 http fetch GET 200 https://registry.npmjs.org/nanoid/-/nanoid-3.3.18.tgz 255ms (cache miss)
464 http fetch POST 200 https://registry.npmjs.org/-/npm/v1/security/advisories/bulk 288ms
465 silly audit report {
465 silly audit report   swiper: [
465 silly audit report     {
465 silly audit report       id: 1113431,
465 silly audit report       url: 'https://github.com/advisories/GHSA-hmx5-qpq5-p643',
465 silly audit report       title: 'Prototype pollution in swiper',
465 silly audit report       severity: 'critical',
465 silly audit report       vulnerable_versions: '>=6.5.1 <12.1.2',
465 silly audit report       cwe: [Array],
465 silly audit report       cvss: [Object]
465 silly audit report     }
465 silly audit report   ]
465 silly audit report }
466 silly packumentCache corgi:https://registry.npmjs.org/swiper cache-miss
467 http fetch GET 200 https://registry.npmjs.org/@types/estree/-/estree-1.0.9.tgz 271ms (cache miss)
468 http fetch GET 200 https://registry.npmjs.org/source-map-js/-/source-map-js-1.2.1.tgz 281ms (cache miss)
469 http fetch GET 200 https://registry.npmjs.org/@rollup/rollup-win32-x64-gnu/-/rollup-win32-x64-gnu-4.63.1.tgz 375ms (cache miss)
470 http fetch GET 200 https://registry.npmjs.org/fdir/-/fdir-6.5.0.tgz 937ms (cache miss)
471 http fetch GET 200 https://registry.npmjs.org/tinyglobby/-/tinyglobby-0.2.17.tgz 940ms (cache miss)
472 http fetch GET 200 https://registry.npmjs.org/scheduler/-/scheduler-0.27.0.tgz 947ms (cache miss)
473 http fetch GET 200 https://registry.npmjs.org/picomatch/-/picomatch-4.0.7.tgz 1130ms (cache miss)
474 http fetch GET 200 https://registry.npmjs.org/esbuild/-/esbuild-0.25.12.tgz 1135ms (cache miss)
475 http fetch GET 200 https://registry.npmjs.org/vite/-/vite-6.4.3.tgz 1295ms (cache miss)
476 http fetch GET 200 https://registry.npmjs.org/swiper/-/swiper-11.2.10.tgz 1519ms (cache miss)
477 http fetch GET 200 https://registry.npmjs.org/playwright-core/-/playwright-core-1.63.0.tgz 1585ms (cache miss)
478 http fetch GET 200 https://registry.npmjs.org/playwright/-/playwright-1.63.0.tgz 1687ms (cache miss)
479 http fetch GET 200 https://registry.npmjs.org/react/-/react-19.2.8.tgz 1765ms (cache miss)
480 http fetch GET 200 https://registry.npmjs.org/@playwright/test/-/test-1.63.0.tgz 1865ms (cache miss)
481 http fetch GET 200 https://registry.npmjs.org/postcss/-/postcss-8.5.28.tgz 1944ms (cache miss)
482 http fetch GET 200 https://registry.npmjs.org/@rollup/rollup-win32-x64-msvc/-/rollup-win32-x64-msvc-4.63.1.tgz 2212ms (cache miss)
483 http fetch GET 200 https://registry.npmjs.org/swiper 2093ms (cache miss)
484 silly packumentCache corgi:https://registry.npmjs.org/swiper set size:undefined disposed:false
485 http fetch GET 200 https://registry.npmjs.org/rollup/-/rollup-4.63.1.tgz 2646ms (cache miss)
486 http fetch GET 200 https://registry.npmjs.org/react-dom/-/react-dom-19.2.8.tgz 2806ms (cache miss)
487 verbose reify failed optional dependency E:\dev data\Portfolio\Portfolio_v3.1_FullStack_AI\node_modules\@esbuild\win32-x64
488 silly reify mark deleted [
488 silly reify   'E:\\dev data\\Portfolio\\Portfolio_v3.1_FullStack_AI\\node_modules\\@esbuild\\win32-x64'
488 silly reify ]
489 info run esbuild@0.25.12 postinstall node_modules/esbuild node install.js
490 info run esbuild@0.25.12 postinstall { code: 1, signal: null }
491 warn cleanup Failed to remove some directories [
491 warn cleanup   [
491 warn cleanup     '\\\\?\\E:\\dev data\\Portfolio\\Portfolio_v3.1_FullStack_AI\\node_modules\\@rollup',
491 warn cleanup     [Error: EPERM: operation not permitted, rmdir 'E:\dev data\Portfolio\Portfolio_v3.1_FullStack_AI\node_modules\@rollup\rollup-win32-x64-gnu'] {
491 warn cleanup       errno: -4048,
491 warn cleanup       code: 'EPERM',
491 warn cleanup       syscall: 'rmdir',
491 warn cleanup       path: 'E:\\dev data\\Portfolio\\Portfolio_v3.1_FullStack_AI\\node_modules\\@rollup\\rollup-win32-x64-gnu'
491 warn cleanup     }
491 warn cleanup   ],
491 warn cleanup   [
491 warn cleanup     '\\\\?\\E:\\dev data\\Portfolio\\Portfolio_v3.1_FullStack_AI\\node_modules\\playwright-core',
491 warn cleanup     [Error: EPERM: operation not permitted, rmdir 'E:\dev data\Portfolio\Portfolio_v3.1_FullStack_AI\node_modules\playwright-core\lib\tools'] {
491 warn cleanup       errno: -4048,
491 warn cleanup       code: 'EPERM',
491 warn cleanup       syscall: 'rmdir',
491 warn cleanup       path: 'E:\\dev data\\Portfolio\\Portfolio_v3.1_FullStack_AI\\node_modules\\playwright-core\\lib\\tools'
491 warn cleanup     }
491 warn cleanup   ]
491 warn cleanup ]
492 verbose stack Error: command failed
492 verbose stack     at promiseSpawn (C:\Program Files\nodejs\node_modules\npm\node_modules\@npmcli\promise-spawn\lib\index.js:22:22)
492 verbose stack     at spawnWithShell (C:\Program Files\nodejs\node_modules\npm\node_modules\@npmcli\promise-spawn\lib\index.js:124:10)
492 verbose stack     at promiseSpawn (C:\Program Files\nodejs\node_modules\npm\node_modules\@npmcli\promise-spawn\lib\index.js:12:12)
492 verbose stack     at runScriptPkg (C:\Program Files\nodejs\node_modules\npm\node_modules\@npmcli\run-script\lib\run-script-pkg.js:79:13)
492 verbose stack     at runScript (C:\Program Files\nodejs\node_modules\npm\node_modules\@npmcli\run-script\lib\run-script.js:9:12)
492 verbose stack     at C:\Program Files\nodejs\node_modules\npm\node_modules\@npmcli\arborist\lib\arborist\rebuild.js:341:17
492 verbose stack     at run (C:\Program Files\nodejs\node_modules\npm\node_modules\promise-call-limit\dist\commonjs\index.js:67:22)
492 verbose stack     at C:\Program Files\nodejs\node_modules\npm\node_modules\promise-call-limit\dist\commonjs\index.js:84:9
492 verbose stack     at new Promise (<anonymous>)
492 verbose stack     at callLimit (C:\Program Files\nodejs\node_modules\npm\node_modules\promise-call-limit\dist\commonjs\index.js:35:69)
493 verbose pkgid esbuild@0.25.12
494 error code 1
495 error path E:\dev data\Portfolio\Portfolio_v3.1_FullStack_AI\node_modules\esbuild
496 error command failed
497 error command C:\WINDOWS\system32\cmd.exe /d /s /c node install.js
498 error node:internal/errors:985
498 error   const err = new Error(message);
498 error               ^
498 error
498 error Error: Command failed: C:\Program Files\nodejs\node.exe E:\dev data\Portfolio\Portfolio_v3.1_FullStack_AI\node_modules\esbuild\bin\esbuild --version
498 error node:child_process:981
498 error     throw err;
498 error     ^
498 error 
498 error <ref *1> Error: spawnSync E:\dev data\Portfolio\Portfolio_v3.1_FullStack_AI\node_modules\@esbuild\win32-x64\esbuild.exe EBUSY
498 error     at Object.spawnSync (node:internal/child_process:1160:20)
498 error     at spawnSync (node:child_process:928:24)
498 error     at Object.execFileSync (node:child_process:971:15)
498 error     at Object.<anonymous> (E:\dev data\Portfolio\Portfolio_v3.1_FullStack_AI\node_modules\esbuild\bin\esbuild:222:28)
498 error     at Module._compile (node:internal/modules/cjs/loader:1872:14)
498 error     at Object..js (node:internal/modules/cjs/loader:2003:10)
498 error     at Module.load (node:internal/modules/cjs/loader:1594:32)
498 error     at Module._load (node:internal/modules/cjs/loader:1396:12)
498 error     at wrapModuleLoad (node:internal/modules/cjs/loader:255:19)
498 error     at Module.executeUserEntryPoint [as runMain] (node:internal/modules/run_main:154:5) {
498 error   errno: -4082,
498 error   code: 'EBUSY',
498 error   syscall: 'spawnSync E:\\dev data\\Portfolio\\Portfolio_v3.1_FullStack_AI\\node_modules\\@esbuild\\win32-x64\\esbuild.exe',
498 error   path: 'E:\\dev data\\Portfolio\\Portfolio_v3.1_FullStack_AI\\node_modules\\@esbuild\\win32-x64\\esbuild.exe',
498 error   spawnargs: [ '--version' ],
498 error   error: [Circular *1],
498 error   status: null,
498 error   signal: null,
498 error   output: null,
498 error   pid: 0,
498 error   stdout: undefined,
498 error   stderr: undefined
498 error }
498 error 
498 error Node.js v24.19.0
498 error
498 error     at genericNodeError (node:internal/errors:985:15)
498 error     at wrappedFn (node:internal/errors:539:14)
498 error     at checkExecSyncError (node:child_process:942:11)
498 error     at Object.execFileSync (node:child_process:978:15)
498 error     at validateBinaryVersion (E:\dev data\Portfolio\Portfolio_v3.1_FullStack_AI\node_modules\esbuild\install.js:102:28)
498 error     at E:\dev data\Portfolio\Portfolio_v3.1_FullStack_AI\node_modules\esbuild\install.js:285:5 {
498 error   status: 1,
498 error   signal: null,
498 error   output: [
498 error     null,
498 error     Buffer(0) [Uint8Array] [],
498 error     Buffer(1330) [Uint8Array] [
498 error       110, 111, 100, 101,  58,  99, 104, 105, 108, 100,  95, 112,
498 error       114, 111,  99, 101, 115, 115,  58,  57,  56,  49,  13,  10,
498 error        32,  32,  32,  32, 116, 104, 114, 111, 119,  32, 101, 114,
498 error       114,  59,  13,  10,  32,  32,  32,  32,  94,  13,  10,  13,
498 error        10,  60, 114, 101, 102,  32,  42,  49,  62,  32,  69, 114,
498 error       114, 111, 114,  58,  32, 115, 112,  97, 119, 110,  83, 121,
498 error       110,  99,  32,  69,  58,  92, 100, 101, 118,  32, 100,  97,
498 error       116,  97,  92,  80, 111, 114, 116, 102, 111, 108, 105, 111,
498 error        92,  80, 111, 114,
498 error       ... 1230 more items
498 error     ]
498 error   ],
498 error   pid: 30304,
498 error   stdout: Buffer(0) [Uint8Array] [],
498 error   stderr: Buffer(1330) [Uint8Array] [
498 error     110, 111, 100, 101,  58,  99, 104, 105, 108, 100,  95, 112,
498 error     114, 111,  99, 101, 115, 115,  58,  57,  56,  49,  13,  10,
498 error      32,  32,  32,  32, 116, 104, 114, 111, 119,  32, 101, 114,
498 error     114,  59,  13,  10,  32,  32,  32,  32,  94,  13,  10,  13,
498 error      10,  60, 114, 101, 102,  32,  42,  49,  62,  32,  69, 114,
498 error     114, 111, 114,  58,  32, 115, 112,  97, 119, 110,  83, 121,
498 error     110,  99,  32,  69,  58,  92, 100, 101, 118,  32, 100,  97,
498 error     116,  97,  92,  80, 111, 114, 116, 102, 111, 108, 105, 111,
498 error      92,  80, 111, 114,
498 error     ... 1230 more items
498 error   ]
498 error }
498 error
498 error Node.js v24.19.0
499 silly unfinished npm timer reify 1788632835777
500 silly unfinished npm timer reify:build 1788632906302
501 silly unfinished npm timer build 1788632906302
502 silly unfinished npm timer build:deps 1788632906302
503 silly unfinished npm timer build:run:postinstall 1788632906317
504 silly unfinished npm timer build:run:postinstall:node_modules/esbuild 1788632906317
505 verbose cwd E:\dev data\Portfolio\Portfolio_v3.1_FullStack_AI
506 verbose os Windows_NT 10.0.19045
507 verbose node v24.19.0
508 verbose npm  v11.17.0
509 notice
509 notice New major version of npm available! 11.17.0 -> 12.0.2
509 notice Changelog: https://github.com/npm/cli/releases/tag/v12.0.2
509 notice To update run: npm install -g npm@12.0.2
509 notice  { force: true, Symbol(proc-log.meta): true }
510 verbose exit 1
511 verbose code 1
512 error A complete log of this run can be found in: E:\dev data\Portfolio\Portfolio_v3.1_FullStack_AI\.npm-cache\_logs\2026-09-05T18_27_15_518Z-debug-0.log
